2026.08.24-14:59:10.097[32m info [39m [caliper] [cli-launch-manager] 	Set workspace path: /Users/venkatrayudu/Workspace/XAI workspace/crime-records-network/benchmarks/caliper
2026.08.24-14:59:10.097[32m info [39m [caliper] [cli-launch-manager] 	Set benchmark configuration path: /Users/venkatrayudu/Workspace/XAI workspace/crime-records-network/experiments/runs/2026-08-24T09-29-09-984Z_caliper_latency-users-1/caliper-executed-benchmark.yaml
2026.08.24-14:59:10.097[32m info [39m [caliper] [cli-launch-manager] 	Set network configuration path: /Users/venkatrayudu/Workspace/XAI workspace/crime-records-network/benchmarks/caliper/generated/network-config.json
2026.08.24-14:59:10.097[32m info [39m [caliper] [cli-launch-manager] 	Set SUT type: fabric
2026.08.24-14:59:10.106[32m info [39m [caliper] [benchmark-validator] 	No observer specified, will default to `none`
2026.08.24-14:59:10.106[32m info [39m [caliper] [caliper-engine] 	Starting benchmark flow
2026.08.24-14:59:10.106[32m info [39m [caliper] [caliper-engine] 	Skipping start commands due to benchmark flow conditioning
2026.08.24-14:59:10.106[32m info [39m [caliper] [caliper-engine] 	Skipping initialization phase due to benchmark flow conditioning
2026.08.24-14:59:10.106[32m info [39m [caliper] [caliper-engine] 	Skipping install smart contract phase due to benchmark flow conditioning
2026.08.24-14:59:10.149[32m info [39m [caliper] [FabricConnectorFactory] 	Initializing peer gateway connector compatible with installed fabric-gateway SDK: 1.7.1
2026.08.24-14:59:10.155[32m info [39m [caliper] [IdentityManager] 	Adding io.krishnan (admin=false) as io.krishnan for organization PoliceMSP
2026.08.24-14:59:10.155[32m info [39m [caliper] [IdentityManager] 	Adding insp.rathore (admin=false) as insp.rathore for organization PoliceMSP
2026.08.24-14:59:10.156[32m info [39m [caliper] [IdentityManager] 	Adding insp.singh (admin=false) as insp.singh for organization PoliceMSP
2026.08.24-14:59:10.156[32m info [39m [caliper] [IdentityManager] 	Adding const.verma (admin=false) as const.verma for organization PoliceMSP
2026.08.24-14:59:10.156[32m info [39m [caliper] [IdentityManager] 	Adding insp.sharma (admin=false) as insp.sharma for organization PoliceMSP
2026.08.24-14:59:10.157[32m info [39m [caliper] [IdentityManager] 	Adding aud.qureshi (admin=false) as _AuditMSP_aud.qureshi for organization AuditMSP
2026.08.24-14:59:10.158[32m info [39m [caliper] [monitor.js] 	No resource monitors specified
2026.08.24-14:59:10.158[32m info [39m [caliper] [default-observer] 	Observer interval set to 5000 milliseconds
2026.08.24-14:59:10.159[32m info [39m [caliper] [round-orchestrator] 	Preparing worker connections
2026.08.24-14:59:10.159[32m info [39m [caliper] [worker-orchestrator] 	Launching worker 1 of 1
2026.08.24-14:59:10.161[32m info [39m [caliper] [worker-orchestrator] 	Messenger not configured, entering configure phase...
2026.08.24-14:59:10.161[32m info [39m [caliper] [worker-orchestrator] 	No existing workers detected, entering worker launch phase...
2026.08.24-14:59:10.161[32m info [39m [caliper] [worker-orchestrator] 	Waiting for 1 workers to be connected...
2026.08.24-14:59:10.258[32m info [39m [caliper] [cli-launch-worker] 	Set workspace path: /Users/venkatrayudu/Workspace/XAI workspace/crime-records-network/benchmarks/caliper
2026.08.24-14:59:10.259[32m info [39m [caliper] [cli-launch-worker] 	Set benchmark configuration path: /Users/venkatrayudu/Workspace/XAI workspace/crime-records-network/experiments/runs/2026-08-24T09-29-09-984Z_caliper_latency-users-1/caliper-executed-benchmark.yaml
2026.08.24-14:59:10.259[32m info [39m [caliper] [cli-launch-worker] 	Set network configuration path: /Users/venkatrayudu/Workspace/XAI workspace/crime-records-network/benchmarks/caliper/generated/network-config.json
2026.08.24-14:59:10.259[32m info [39m [caliper] [cli-launch-worker] 	Set SUT type: fabric
2026.08.24-14:59:10.272[32m info [39m [caliper] [worker-orchestrator] 	1 workers connected, progressing to worker assignment phase.
2026.08.24-14:59:10.272[32m info [39m [caliper] [worker-orchestrator] 	Workers currently unassigned, awaiting index assignment...
2026.08.24-14:59:10.272[32m info [39m [caliper] [worker-orchestrator] 	Waiting for 1 workers to be assigned...
2026.08.24-14:59:10.274[32m info [39m [caliper] [worker-orchestrator] 	1 workers assigned, progressing to worker initialization phase.
2026.08.24-14:59:10.274[32m info [39m [caliper] [worker-orchestrator] 	Waiting for 1 workers to be ready...
2026.08.24-14:59:10.275[32m info [39m [caliper] [worker-message-handler] 	Initializing Worker#0...
2026.08.24-14:59:10.316[32m info [39m [caliper] [FabricConnectorFactory] 	Initializing peer gateway connector compatible with installed fabric-gateway SDK: 1.7.1
2026.08.24-14:59:10.317[32m info [39m [caliper] [IdentityManager] 	Adding io.krishnan (admin=false) as io.krishnan for organization PoliceMSP
2026.08.24-14:59:10.318[32m info [39m [caliper] [IdentityManager] 	Adding insp.rathore (admin=false) as insp.rathore for organization PoliceMSP
2026.08.24-14:59:10.318[32m info [39m [caliper] [IdentityManager] 	Adding insp.singh (admin=false) as insp.singh for organization PoliceMSP
2026.08.24-14:59:10.318[32m info [39m [caliper] [IdentityManager] 	Adding const.verma (admin=false) as const.verma for organization PoliceMSP
2026.08.24-14:59:10.319[32m info [39m [caliper] [IdentityManager] 	Adding insp.sharma (admin=false) as insp.sharma for organization PoliceMSP
2026.08.24-14:59:10.319[32m info [39m [caliper] [IdentityManager] 	Adding aud.qureshi (admin=false) as _AuditMSP_aud.qureshi for organization AuditMSP
2026.08.24-14:59:10.320[32m info [39m [caliper] [worker-message-handler] 	Worker#0 initialized
2026.08.24-14:59:10.321[32m info [39m [caliper] [worker-orchestrator] 	1 workers ready, progressing to test preparation phase.
2026.08.24-14:59:10.321[32m info [39m [caliper] [round-orchestrator] 	Started round 1 (search-users-1)
2026.08.24-14:59:10.321[32m info [39m [caliper] [worker-message-handler] 	Preparing Worker#0 for Round#0
2026.08.24-14:59:10.329[32m info [39m [caliper] [connectors/peer-gateway/PeerGateway] 	Generating contract map for user io.krishnan
2026.08.24-14:59:10.329[32m info [39m [caliper] [connectors/peer-gateway/PeerGateway] 	Generating contract map for user insp.rathore
2026.08.24-14:59:10.329[32m info [39m [caliper] [connectors/peer-gateway/PeerGateway] 	Generating contract map for user insp.singh
2026.08.24-14:59:10.330[32m info [39m [caliper] [connectors/peer-gateway/PeerGateway] 	Generating contract map for user const.verma
2026.08.24-14:59:10.330[32m info [39m [caliper] [connectors/peer-gateway/PeerGateway] 	Generating contract map for user insp.sharma
2026.08.24-14:59:10.331[32m info [39m [caliper] [connectors/peer-gateway/PeerGateway] 	Generating contract map for user _AuditMSP_aud.qureshi
2026.08.24-14:59:10.332[32m info [39m [caliper] [caliper-worker] 	Info: worker 0 prepare test phase for round 0 is starting...
2026.08.24-14:59:10.333[32m info [39m [caliper] [connectors/peer-gateway/PeerGateway] 	disconnecting gateway for user io.krishnan
2026.08.24-14:59:10.333[32m info [39m [caliper] [connectors/peer-gateway/PeerGateway] 	disconnecting gateway for user insp.rathore
2026.08.24-14:59:10.333[32m info [39m [caliper] [connectors/peer-gateway/PeerGateway] 	disconnecting gateway for user insp.singh
2026.08.24-14:59:10.333[32m info [39m [caliper] [connectors/peer-gateway/PeerGateway] 	disconnecting gateway for user const.verma
2026.08.24-14:59:10.333[32m info [39m [caliper] [connectors/peer-gateway/PeerGateway] 	disconnecting gateway for user insp.sharma
2026.08.24-14:59:10.333[32m info [39m [caliper] [connectors/peer-gateway/PeerGateway] 	disconnecting gateway for user _AuditMSP_aud.qureshi
2026.08.24-14:59:10.333[32m info [39m [caliper] [connectors/peer-gateway/PeerGateway] 	disconnecting gRpc client at peer PoliceMSP_localhost:7051
2026.08.24-14:59:10.333[32m info [39m [caliper] [connectors/peer-gateway/PeerGateway] 	disconnecting gRpc client at peer AuditMSP_localhost:11051
2026.08.24-14:59:10.333[32m info [39m [caliper] [caliper-worker] 	Info: worker 0 prepare test phase for round 0 is completed
2026.08.24-14:59:10.333[32m info [39m [caliper] [worker-message-handler] 	Worker#0 prepared for Round#0
2026.08.24-14:59:10.333[32m info [39m [caliper] [worker-orchestrator] 	1 workers prepared, progressing to test phase.
2026.08.24-14:59:10.333[32m info [39m [caliper] [round-orchestrator] 	Monitors successfully started
2026.08.24-14:59:10.334[32m info [39m [caliper] [worker-message-handler] 	Worker#0 is starting Round#0
2026.08.24-14:59:10.335[32m info [39m [caliper] [connectors/peer-gateway/PeerGateway] 	Generating contract map for user io.krishnan
2026.08.24-14:59:10.335[32m info [39m [caliper] [connectors/peer-gateway/PeerGateway] 	Generating contract map for user insp.rathore
2026.08.24-14:59:10.335[32m info [39m [caliper] [connectors/peer-gateway/PeerGateway] 	Generating contract map for user insp.singh
2026.08.24-14:59:10.335[32m info [39m [caliper] [connectors/peer-gateway/PeerGateway] 	Generating contract map for user const.verma
2026.08.24-14:59:10.336[32m info [39m [caliper] [connectors/peer-gateway/PeerGateway] 	Generating contract map for user insp.sharma
2026.08.24-14:59:10.336[32m info [39m [caliper] [connectors/peer-gateway/PeerGateway] 	Generating contract map for user _AuditMSP_aud.qureshi
2026.08.24-14:59:10.337[32m info [39m [caliper] [caliper-worker] 	Worker #0 starting workload loop
CALIPER_TX_LATENCY {"roundIndex":0,"roundLabel":"search-users-1","workerIndex":0,"transactionId":"709834bcf5c9a33f861dc9bd81609d18b442e741532beb786945a7ffb5ed7a51","status":"success","startEpochMs":1787563750339,"endEpochMs":1787563750536,"latencyMs":197}
CALIPER_TX_LATENCY {"roundIndex":0,"roundLabel":"search-users-1","workerIndex":0,"transactionId":"aa374b688cad4171203828738115ad3c0b0b4e2894acb32661c23c412dbef91a","status":"success","startEpochMs":1787563751340,"endEpochMs":1787563751481,"latencyMs":141}
CALIPER_TX_LATENCY {"roundIndex":0,"roundLabel":"search-users-1","workerIndex":0,"transactionId":"7711259ce7e8bd4e83013113b3032924aa0f4d00b42b000dadbdfe0ee6ba078e","status":"success","startEpochMs":1787563752339,"endEpochMs":1787563752470,"latencyMs":131}
CALIPER_TX_LATENCY {"roundIndex":0,"roundLabel":"search-users-1","workerIndex":0,"transactionId":"6f8d9b8281cd6e97e550d3282526fb5a9cb2e648e8d20e0785ff0d1c909aea67","status":"success","startEpochMs":1787563753339,"endEpochMs":1787563753491,"latencyMs":152}
CALIPER_TX_LATENCY {"roundIndex":0,"roundLabel":"search-users-1","workerIndex":0,"transactionId":"4ee0dcb5a01d908a8d866be70311450845ea0e3e47c9b889008dade39d1260ad","status":"success","startEpochMs":1787563754339,"endEpochMs":1787563754506,"latencyMs":167}
2026.08.24-14:59:15.341[32m info [39m [caliper] [default-observer] 	[search-users-1 Round 0 Transaction Info] - Submitted: 4 Succ: 4 Fail:0 Unfinished:0
CALIPER_TX_LATENCY {"roundIndex":0,"roundLabel":"search-users-1","workerIndex":0,"transactionId":"975b8554effa279c9bfb7206ec044c9a5aeb1e3c90e3e7dcd89ee33d08659c6c","status":"success","startEpochMs":1787563755338,"endEpochMs":1787563755498,"latencyMs":160}
CALIPER_TX_LATENCY {"roundIndex":0,"roundLabel":"search-users-1","workerIndex":0,"transactionId":"768b95f17f64870d6bb7248530be00623cffdd35ab326547fa531c5add22e824","status":"success","startEpochMs":1787563756338,"endEpochMs":1787563756486,"latencyMs":148}
CALIPER_TX_LATENCY {"roundIndex":0,"roundLabel":"search-users-1","workerIndex":0,"transactionId":"d2b341053e3e36c7e7efd0c7f0f0c939931f14ad17579d3789f0facf87fba0bd","status":"success","startEpochMs":1787563757338,"endEpochMs":1787563757488,"latencyMs":150}
CALIPER_TX_LATENCY {"roundIndex":0,"roundLabel":"search-users-1","workerIndex":0,"transactionId":"773413de2c4d917dfd451a38c9df99f3a52cb1ea998314c700c2ca1781fbe84d","status":"success","startEpochMs":1787563758340,"endEpochMs":1787563758508,"latencyMs":168}
CALIPER_TX_LATENCY {"roundIndex":0,"roundLabel":"search-users-1","workerIndex":0,"transactionId":"48bcb52f78d2c88a9b16ae7eadf62af8aef5f6f780494daf60e85481e278b14e","status":"success","startEpochMs":1787563759337,"endEpochMs":1787563759490,"latencyMs":153}
2026.08.24-14:59:20.335[32m info [39m [caliper] [default-observer] 	[search-users-1 Round 0 Transaction Info] - Submitted: 10 Succ: 9 Fail:0 Unfinished:1
CALIPER_TX_LATENCY {"roundIndex":0,"roundLabel":"search-users-1","workerIndex":0,"transactionId":"0c08121de7ea44701ce851200d4926c7c4861a0c4a6e1e75bc93c32ec24edc93","status":"success","startEpochMs":1787563760338,"endEpochMs":1787563760488,"latencyMs":150}
CALIPER_TX_LATENCY {"roundIndex":0,"roundLabel":"search-users-1","workerIndex":0,"transactionId":"ee5036f993d925fd4a023fbea1aba7e0ab07e6eb302cc6720e49aa8dfaf915fa","status":"success","startEpochMs":1787563761338,"endEpochMs":1787563761494,"latencyMs":156}
CALIPER_TX_LATENCY {"roundIndex":0,"roundLabel":"search-users-1","workerIndex":0,"transactionId":"86d069e880284a69689ba3ae433ae203bd28ba80acba6a2abdd71fdf3b2347dd","status":"success","startEpochMs":1787563762338,"endEpochMs":1787563762491,"latencyMs":153}
CALIPER_TX_LATENCY {"roundIndex":0,"roundLabel":"search-users-1","workerIndex":0,"transactionId":"1d5ae7d8f405d514c4dd3876851bdf7a3476a30bcd8b555d24e7d1508b8f57b6","status":"success","startEpochMs":1787563763337,"endEpochMs":1787563763480,"latencyMs":143}
CALIPER_TX_LATENCY {"roundIndex":0,"roundLabel":"search-users-1","workerIndex":0,"transactionId":"432ee1fafa3e6ea3a22b4ee88952d86129b512d9bd11f5622c3cc8d704a2d03b","status":"success","startEpochMs":1787563764336,"endEpochMs":1787563764493,"latencyMs":157}
2026.08.24-14:59:25.337[32m info [39m [caliper] [default-observer] 	[search-users-1 Round 0 Transaction Info] - Submitted: 15 Succ: 14 Fail:0 Unfinished:1
CALIPER_TX_LATENCY {"roundIndex":0,"roundLabel":"search-users-1","workerIndex":0,"transactionId":"4db42f1f92885e356c5a6dab27269ae148a9e417b2eb36f93b9fedb13d93519d","status":"success","startEpochMs":1787563765339,"endEpochMs":1787563765490,"latencyMs":151}
CALIPER_TX_LATENCY {"roundIndex":0,"roundLabel":"search-users-1","workerIndex":0,"transactionId":"4b9b2b9dd7f6525b90f5dc6fcef5efc73a9f3243ed418cdd9336328f8ebf755a","status":"success","startEpochMs":1787563766339,"endEpochMs":1787563766499,"latencyMs":160}
CALIPER_TX_LATENCY {"roundIndex":0,"roundLabel":"search-users-1","workerIndex":0,"transactionId":"4f329d0c174ec43c75ad61fc8f1a443c269b6d638d1012631b2b39b1d1163e74","status":"success","startEpochMs":1787563767338,"endEpochMs":1787563767489,"latencyMs":151}
CALIPER_TX_LATENCY {"roundIndex":0,"roundLabel":"search-users-1","workerIndex":0,"transactionId":"e93a33d87705386509163043d8619d2464b6e2dee8a5b70eeecdc501ce512f14","status":"success","startEpochMs":1787563768338,"endEpochMs":1787563768499,"latencyMs":161}
CALIPER_TX_LATENCY {"roundIndex":0,"roundLabel":"search-users-1","workerIndex":0,"transactionId":"0eda6cd83fab687b9366faf037d15021188388aaa8e15f7c442935eaa9497775","status":"success","startEpochMs":1787563769338,"endEpochMs":1787563769491,"latencyMs":153}
2026.08.24-14:59:30.338[32m info [39m [caliper] [default-observer] 	[search-users-1 Round 0 Transaction Info] - Submitted: 20 Succ: 19 Fail:0 Unfinished:1
CALIPER_TX_LATENCY {"roundIndex":0,"roundLabel":"search-users-1","workerIndex":0,"transactionId":"9eb0dbb4688011ec8d28f5ba4878ac672a56bc83373b1cd34e2b6ceba88f1161","status":"success","startEpochMs":1787563770338,"endEpochMs":1787563770481,"latencyMs":143}
2026.08.24-14:59:31.544[32m info [39m [caliper] [connectors/peer-gateway/PeerGateway] 	disconnecting gateway for user io.krishnan
2026.08.24-14:59:31.544[32m info [39m [caliper] [connectors/peer-gateway/PeerGateway] 	disconnecting gateway for user insp.rathore
2026.08.24-14:59:31.545[32m info [39m [caliper] [connectors/peer-gateway/PeerGateway] 	disconnecting gateway for user insp.singh
2026.08.24-14:59:31.545[32m info [39m [caliper] [connectors/peer-gateway/PeerGateway] 	disconnecting gateway for user const.verma
2026.08.24-14:59:31.545[32m info [39m [caliper] [connectors/peer-gateway/PeerGateway] 	disconnecting gateway for user insp.sharma
2026.08.24-14:59:31.545[32m info [39m [caliper] [connectors/peer-gateway/PeerGateway] 	disconnecting gateway for user _AuditMSP_aud.qureshi
2026.08.24-14:59:31.545[32m info [39m [caliper] [connectors/peer-gateway/PeerGateway] 	disconnecting gRpc client at peer PoliceMSP_localhost:7051
2026.08.24-14:59:31.545[32m info [39m [caliper] [connectors/peer-gateway/PeerGateway] 	disconnecting gRpc client at peer AuditMSP_localhost:11051
2026.08.24-14:59:31.546[32m info [39m [caliper] [worker-message-handler] 	Worker#0 finished Round#0
2026.08.24-14:59:36.548[32m info [39m [caliper] [default-observer] 	Resetting txCount indicator count
2026.08.24-14:59:36.549[32m info [39m [caliper] [report-builder] 	### Test result ###
2026.08.24-14:59:36.554[32m info [39m [caliper] [report-builder] 	
+----------------+------+------+-----------------+-----------------+-----------------+-----------------+------------------+
| Name           | Succ | Fail | Send Rate (TPS) | Max Latency (s) | Min Latency (s) | Avg Latency (s) | Throughput (TPS) |
|----------------|------|------|-----------------|-----------------|-----------------|-----------------|------------------|
| search-users-1 | 21   | 0    | 1.1             | 0.20            | 0.13            | 0.15            | 1.0              |
+----------------+------+------+-----------------+-----------------+-----------------+-----------------+------------------+

2026.08.24-14:59:36.554[32m info [39m [caliper] [round-orchestrator] 	Finished round 1 (search-users-1) in 20.204 seconds
2026.08.24-14:59:36.554[32m info [39m [caliper] [monitor.js] 	Stopping all monitors
2026.08.24-14:59:36.554[32m info [39m [caliper] [report-builder] 	### All test results ###
2026.08.24-14:59:36.555[32m info [39m [caliper] [report-builder] 	
+----------------+------+------+-----------------+-----------------+-----------------+-----------------+------------------+
| Name           | Succ | Fail | Send Rate (TPS) | Max Latency (s) | Min Latency (s) | Avg Latency (s) | Throughput (TPS) |
|----------------|------|------|-----------------|-----------------|-----------------|-----------------|------------------|
| search-users-1 | 21   | 0    | 1.1             | 0.20            | 0.13            | 0.15            | 1.0              |
+----------------+------+------+-----------------+-----------------+-----------------+-----------------+------------------+

2026.08.24-14:59:36.562[32m info [39m [caliper] [report-builder] 	Generated report with path /Users/venkatrayudu/Workspace/XAI workspace/crime-records-network/experiments/runs/2026-08-24T09-29-09-984Z_caliper_latency-users-1/caliper-report.html
2026.08.24-14:59:36.562[32m info [39m [caliper] [monitor.js] 	Stopping all monitors
2026.08.24-14:59:36.562[32m info [39m [caliper] [worker-orchestrator] 	Sending exit message to connected workers
2026.08.24-14:59:36.562[32m info [39m [caliper] [round-orchestrator] 	Benchmark finished in 26.241 seconds. Total rounds: 1. Successful rounds: 1. Failed rounds: 0.
2026.08.24-14:59:36.562[32m info [39m [caliper] [caliper-engine] 	Skipping end command due to benchmark flow conditioning
2026.08.24-14:59:36.562[32m info [39m [caliper] [cli-launch-manager] 	Benchmark successfully finished!
2026.08.24-14:59:36.563[32m info [39m [caliper] [worker-message-handler] 	Worker#0 is exiting
