[2026-10-09T10:08:08.056Z] start: node v22.22.0, Intel(R) Xeon(R) Processor @ 2.10GHz, v3 b27f4560e760e9ca144ee8e93ff9cba0b7e1da4e, clean=false
[2026-10-09T10:08:08.170Z] latency h_J: hashText(justification): p50 2.244 us, p95 5.837 us
[2026-10-09T10:08:08.187Z] latency h_N: hashText(note): p50 2.121 us, p95 3.739 us
[2026-10-09T10:08:08.243Z] latency canonicalJson(verified context): p50 7.096 us, p95 12.968 us
[2026-10-09T10:08:08.338Z] latency h_C: verifiedRequestHash(context): p50 13.569 us, p95 24.671 us
[2026-10-09T10:08:08.444Z] latency h_M: recommendationHashOf(M): p50 14.526 us, p95 24.16 us
[2026-10-09T10:08:08.591Z] latency generic hashCanonical(M): p50 23.909 us, p95 38.609 us
[2026-10-09T10:08:08.638Z] latency naive SHA-256(JSON.stringify(M)) [ablation]: p50 6.92 us, p95 7.985 us
[2026-10-09T10:08:08.951Z] latency Ed25519 sign κ provenance: p50 47.043 us, p95 74.982 us
[2026-10-09T10:08:09.775Z] latency Ed25519 verify κ provenance: p50 141.042 us, p95 181.902 us
[2026-10-09T10:08:09.878Z] latency check M against κ (backend): p50 15.004 us, p95 25.045 us
[2026-10-09T10:08:10.010Z] latency AES-256-GCM seal review entry: p50 17.728 us, p95 41.598 us
[2026-10-09T10:08:10.112Z] latency AES-256-GCM open review entry: p50 14.144 us, p95 36.632 us
[2026-10-09T10:08:10.718Z] workflow v2 W1: 2 tx, write set 14572-14572 B, exec p50 0.531 ms
[2026-10-09T10:08:10.719Z] workflow v3 W1: 3 tx, write set 22742-22742 B, exec p50 1.057 ms
[2026-10-09T10:08:11.215Z] workflow v2 W2: 2 tx, write set 10061-10061 B, exec p50 0.381 ms
[2026-10-09T10:08:11.216Z] workflow v3 W2: 3 tx, write set 17359-17359 B, exec p50 0.875 ms
[2026-10-09T10:08:11.691Z] workflow v2 W3: 2 tx, write set 10075-10075 B, exec p50 0.372 ms
[2026-10-09T10:08:11.692Z] workflow v3 W3: 3 tx, write set 17376-17376 B, exec p50 0.867 ms
[2026-10-09T10:08:12.383Z] workflow v2 W4: 1 tx, write set 6870-6870 B, exec p50 0.216 ms
[2026-10-09T10:08:12.384Z] workflow v3 W4: 1 tx, write set 7875-7875 B, exec p50 0.277 ms
[config] JWT_SECRET not set — using a dev-only default. Do not deploy like this.
[2026-10-09T10:08:15.964Z] end-to-end v3 (backend runtime, stand-in model): generate+sign+commit p50 6.227 ms; off-chain 9147 B encrypted vs 7988 B plaintext
[2026-10-09T10:08:17.252Z] tamper: 44 mutation classes x 200 cases; clean-copy false alarms 0; contract rejected 60/60 forged κ
[2026-10-09T10:08:17.375Z] policy: v3 reuse after change 0/12; v2 reuse continues 12/12
[2026-10-09T10:08:17.376Z] done
