{
 "checks": {
  "rows": 36,
  "planned": 36,
  "missing": 0,
  "duplicates": 0,
  "failed": 12,
  "failures": [
   "submit: automatic path returned dynamic-authorization / granted"
  ],
  "facts_mismatched": 0
 },
 "model_on_reviewed_requests": {
  "reviewed": 24,
  "valid": 24,
  "correct": 24,
  "overrides_of_model_deny": 6
 },
 "ledger_check": {
  "created_by_rows": 6,
  "on_ledger_for_plan": 6,
  "only_on_ledger": [],
  "mismatched": [],
  "pass": true
 },
 "records": 12,
 "approved_records": 6
}
r=0 no-reuse               requests    12 reviews    12 avoided     0 (0.0%) other-record grants 0 other-user grants 0
r=0 exact-record           requests    12 reviews    12 avoided     0 (0.0%) other-record grants 0 other-user grants 0
r=0 property-fingerprint   requests    12 reviews     8 avoided     4 (33.33%) other-record grants 4 other-user grants 0
r=1 no-reuse               requests    18 reviews    18 avoided     0 (0.0%) other-record grants 0 other-user grants 0
r=1 exact-record           requests    18 reviews    18 avoided     0 (0.0%) other-record grants 0 other-user grants 0
r=1 property-fingerprint   requests    18 reviews    14 avoided     4 (22.22%) other-record grants 4 other-user grants 0
