
== 1. Observed channel membership and endorsement policy
{
  "members": [
    "AuditMSP",
    "CourtMSP",
    "ForensicsMSP",
    "PoliceMSP",
    "ProsecutionMSP"
  ],
  "endorsement": {
    "mod_policy": "Admins",
    "policy": {
      "type": 3,
      "value": {
        "rule": "MAJORITY",
        "sub_policy": "Endorsement"
      }
    },
    "version": "0"
  }
}

== 2. Peer heights observed sequentially (writes may advance them during inspection)
{"height":244,"currentBlockHash":"4beFWPmDf6SXt7TCanb2HJ6hb8tgRyVBEeC82hHhCYY=","previousBlockHash":"jR4zAeW7ilRpgS2threZHNalO1smd2tSnTd7othk8Tc=","organization":"police"}
{"height":244,"currentBlockHash":"4beFWPmDf6SXt7TCanb2HJ6hb8tgRyVBEeC82hHhCYY=","previousBlockHash":"jR4zAeW7ilRpgS2threZHNalO1smd2tSnTd7othk8Tc=","organization":"forensics"}
{"height":244,"currentBlockHash":"4beFWPmDf6SXt7TCanb2HJ6hb8tgRyVBEeC82hHhCYY=","previousBlockHash":"jR4zAeW7ilRpgS2threZHNalO1smd2tSnTd7othk8Tc=","organization":"prosecution"}
{"height":244,"currentBlockHash":"4beFWPmDf6SXt7TCanb2HJ6hb8tgRyVBEeC82hHhCYY=","previousBlockHash":"jR4zAeW7ilRpgS2threZHNalO1smd2tSnTd7othk8Tc=","organization":"court"}
{"height":244,"currentBlockHash":"4beFWPmDf6SXt7TCanb2HJ6hb8tgRyVBEeC82hHhCYY=","previousBlockHash":"jR4zAeW7ilRpgS2threZHNalO1smd2tSnTd7othk8Tc=","organization":"audit"}

== 3. Committed chaincode definition and a decoded current block
{
	"sequence": 3,
	"version": "2.5",
	"endorsement_plugin": "escc",
	"validation_plugin": "vscc",
	"validation_parameter": "EiAvQ2hhbm5lbC9BcHBsaWNhdGlvbi9FbmRvcnNlbWVudA==",
	"collections": {
		"config": [
			{
				"Payload": {
					"StaticCollectionConfig": {
						"name": "evidenceDetails",
						"member_orgs_policy": {
							"Payload": {
								"SignaturePolicy": {
									"rule": {
										"Type": {
											"NOutOf": {
												"n": 1,
												"rules": [
													{
														"Type": {
															"SignedBy": 0
														}
													},
													{
														"Type": {
															"SignedBy": 1
														}
													},
													{
														"Type": {
															"SignedBy": 2
														}
													},
													{
														"Type": {
															"SignedBy": 3
														}
													}
												]
											}
										}
									},
									"identities": [
										{
											"principal": "CglQb2xpY2VNU1A="
										},
										{
											"principal": "CgxGb3JlbnNpY3NNU1A="
										},
										{
											"principal": "Cg5Qcm9zZWN1dGlvbk1TUA=="
										},
										{
											"principal": "CghDb3VydE1TUA=="
										}
									]
								}
							}
						},
						"required_peer_count": 1,
						"maximum_peer_count": 3,
						"member_only_read": true,
						"member_only_write": true
					}
				}
			}
		]
	},
	"approvals": {
		"AuditMSP": true,
		"CourtMSP": true,
		"ForensicsMSP": true,
		"PoliceMSP": true,
		"ProsecutionMSP": true
	}
}
{"block":"243","transactions":1}
observed endorsers: AuditMSP, CourtMSP, PoliceMSP

== 4. Current DIAS case summaries and decision commitments
[
  {
    "caseId": "CASE-2026-001",
    "owningAgency": "police",
    "jurisdiction": "district-north",
    "status": "under-investigation"
  },
  {
    "caseId": "CASE-2026-002",
    "owningAgency": "police",
    "jurisdiction": "district-north",
    "status": "under-investigation"
  }
]
[
  {
    "requestId": "REQ-699ad5753d578717",
    "decision": "FORCE_DENY",
    "llmRecommendation": "DENY",
    "llmAgreement": "AGREED",
    "recommendationHash": null,
    "noteHash": null,
    "schemaVersion": null
  },
  {
    "requestId": "REQ-a22428e3b07b50af",
    "decision": "FORCE_ALLOW",
    "llmRecommendation": "ALLOW",
    "llmAgreement": "AGREED",
    "recommendationHash": null,
    "noteHash": null,
    "schemaVersion": null
  },
  {
    "requestId": "REQ-3c70c05a42742da0",
    "decision": "FORCE_DENY",
    "llmRecommendation": "ALLOW",
    "llmAgreement": "NOT_AGREED",
    "recommendationHash": null,
    "noteHash": null,
    "schemaVersion": null
  },
  {
    "requestId": "REQ-c1192ac4d762165f",
    "decision": "FORCE_DENY",
    "llmRecommendation": "ALLOW",
    "llmAgreement": "NOT_AGREED",
    "recommendationHash": null,
    "noteHash": null,
    "schemaVersion": null
  },
  {
    "requestId": "REQ-89789844c1f7d10c",
    "decision": null,
    "llmRecommendation": null,
    "llmAgreement": null,
    "recommendationHash": null,
    "noteHash": null,
    "schemaVersion": null
  },
  {
    "requestId": "REQ-8bff190faf6a86e8",
    "decision": null,
    "llmRecommendation": null,
    "llmAgreement": null,
    "recommendationHash": null,
    "noteHash": null,
    "schemaVersion": null
  },
  {
    "requestId": "REQ-5b27fe370e0de35d",
    "decision": "FORCE_ALLOW",
    "llmRecommendation": "DENY",
    "llmAgreement": "NOT_AGREED",
    "recommendationHash": null,
    "noteHash": null,
    "schemaVersion": null
  },
  {
    "requestId": "REQ-09b823865a80b449",
    "decision": "FORCE_DENY",
    "llmRecommendation": "ALLOW",
    "llmAgreement": "NOT_AGREED",
    "recommendationHash": null,
    "noteHash": null,
    "schemaVersion": null
  },
  {
    "requestId": "REQ-c86e69fe1680a3d6",
    "decision": "FORCE_ALLOW",
    "llmRecommendation": "ALLOW",
    "llmAgreement": "AGREED",
    "recommendationHash": null,
    "noteHash": null,
    "schemaVersion": null
  },
  {
    "requestId": "REQ-830db97f940c8a59",
    "decision": null,
    "llmRecommendation": null,
    "llmAgreement": null,
    "recommendationHash": null,
    "noteHash": null,
    "schemaVersion": null
  }
]

== 5. Running peer and state-database containers
dev-peer0.court.example.com-diasrecords_2.5-ed210c638515aa8d0349ef5daef94b0836a27cfa2e2b6ae6c3b235cb3ad65210	
dev-peer0.forensics.example.com-diasrecords_2.5-ed210c638515aa8d0349ef5daef94b0836a27cfa2e2b6ae6c3b235cb3ad65210	
dev-peer0.police.example.com-diasrecords_2.5-ed210c638515aa8d0349ef5daef94b0836a27cfa2e2b6ae6c3b235cb3ad65210	
dev-peer0.prosecution.example.com-diasrecords_2.5-ed210c638515aa8d0349ef5daef94b0836a27cfa2e2b6ae6c3b235cb3ad65210	
dev-peer0.audit.example.com-diasrecords_2.5-ed210c638515aa8d0349ef5daef94b0836a27cfa2e2b6ae6c3b235cb3ad65210	
peer0.audit.example.com	0.0.0.0:9448->9448/tcp, [::]:9448->9448/tcp, 7051/tcp, 0.0.0.0:11051->11051/tcp, [::]:11051->11051/tcp
peer0.ai.example.com	0.0.0.0:9449->9449/tcp, [::]:9449->9449/tcp, 7051/tcp, 0.0.0.0:12051->12051/tcp, [::]:12051->12051/tcp
peer0.prosecution.example.com	0.0.0.0:9051->9051/tcp, [::]:9051->9051/tcp, 7051/tcp, 0.0.0.0:9446->9446/tcp, [::]:9446->9446/tcp
peer0.forensics.example.com	0.0.0.0:8051->8051/tcp, [::]:8051->8051/tcp, 7051/tcp, 0.0.0.0:9445->9445/tcp, [::]:9445->9445/tcp
peer0.police.example.com	0.0.0.0:7051->7051/tcp, [::]:7051->7051/tcp, 0.0.0.0:9444->9444/tcp, [::]:9444->9444/tcp
peer0.court.example.com	0.0.0.0:9447->9447/tcp, [::]:9447->9447/tcp, 7051/tcp, 0.0.0.0:10051->10051/tcp, [::]:10051->10051/tcp
couchdb-audit	4369/tcp, 9100/tcp, 0.0.0.0:9984->5984/tcp, [::]:9984->5984/tcp
couchdb-police	4369/tcp, 9100/tcp, 0.0.0.0:5984->5984/tcp, [::]:5984->5984/tcp
couchdb-prosecution	4369/tcp, 9100/tcp, 0.0.0.0:7984->5984/tcp, [::]:7984->5984/tcp
couchdb-ai	4369/tcp, 9100/tcp, 0.0.0.0:10984->5984/tcp, [::]:10984->5984/tcp
couchdb-forensics	4369/tcp, 9100/tcp, 0.0.0.0:6984->5984/tcp, [::]:6984->5984/tcp
couchdb-court	4369/tcp, 9100/tcp, 0.0.0.0:8984->5984/tcp, [::]:8984->5984/tcp

Read-only evidence saved to /Users/venkatrayudu/Workspace/XAI workspace/DIAS/experiments/runs/20261008_step15/ledger-inspection-fixed
