2026.08.24-15:01:48.153[32m info [39m [caliper] [cli-launch-manager] 	Set workspace path: /Users/venkatrayudu/Workspace/XAI workspace/crime-records-network/benchmarks/caliper
2026.08.24-15:01:48.153[32m info [39m [caliper] [cli-launch-manager] 	Set benchmark configuration path: /Users/venkatrayudu/Workspace/XAI workspace/crime-records-network/experiments/runs/2026-08-24T09-31-48-043Z_caliper_latency-users-1/caliper-executed-benchmark.yaml
2026.08.24-15:01:48.153[32m info [39m [caliper] [cli-launch-manager] 	Set network configuration path: /Users/venkatrayudu/Workspace/XAI workspace/crime-records-network/benchmarks/caliper/generated/network-config.json
2026.08.24-15:01:48.153[32m info [39m [caliper] [cli-launch-manager] 	Set SUT type: fabric
2026.08.24-15:01:48.161[32m info [39m [caliper] [benchmark-validator] 	No observer specified, will default to `none`
2026.08.24-15:01:48.162[32m info [39m [caliper] [caliper-engine] 	Starting benchmark flow
2026.08.24-15:01:48.162[32m info [39m [caliper] [caliper-engine] 	Skipping start commands due to benchmark flow conditioning
2026.08.24-15:01:48.162[32m info [39m [caliper] [caliper-engine] 	Skipping initialization phase due to benchmark flow conditioning
2026.08.24-15:01:48.162[32m info [39m [caliper] [caliper-engine] 	Skipping install smart contract phase due to benchmark flow conditioning
2026.08.24-15:01:48.206[32m info [39m [caliper] [FabricConnectorFactory] 	Initializing peer gateway connector compatible with installed fabric-gateway SDK: 1.7.1
2026.08.24-15:01:48.213[32m info [39m [caliper] [IdentityManager] 	Adding io.krishnan (admin=false) as io.krishnan for organization PoliceMSP
2026.08.24-15:01:48.213[32m info [39m [caliper] [IdentityManager] 	Adding insp.rathore (admin=false) as insp.rathore for organization PoliceMSP
2026.08.24-15:01:48.213[32m info [39m [caliper] [IdentityManager] 	Adding insp.singh (admin=false) as insp.singh for organization PoliceMSP
2026.08.24-15:01:48.213[32m info [39m [caliper] [IdentityManager] 	Adding const.verma (admin=false) as const.verma for organization PoliceMSP
2026.08.24-15:01:48.214[32m info [39m [caliper] [IdentityManager] 	Adding insp.sharma (admin=false) as insp.sharma for organization PoliceMSP
2026.08.24-15:01:48.214[32m info [39m [caliper] [IdentityManager] 	Adding aud.qureshi (admin=false) as _AuditMSP_aud.qureshi for organization AuditMSP
2026.08.24-15:01:48.215[32m info [39m [caliper] [monitor.js] 	No resource monitors specified
2026.08.24-15:01:48.215[32m info [39m [caliper] [default-observer] 	Observer interval set to 5000 milliseconds
2026.08.24-15:01:48.216[32m info [39m [caliper] [round-orchestrator] 	Preparing worker connections
2026.08.24-15:01:48.217[32m info [39m [caliper] [worker-orchestrator] 	Launching worker 1 of 1
2026.08.24-15:01:48.218[32m info [39m [caliper] [worker-orchestrator] 	Messenger not configured, entering configure phase...
2026.08.24-15:01:48.218[32m info [39m [caliper] [worker-orchestrator] 	No existing workers detected, entering worker launch phase...
2026.08.24-15:01:48.218[32m info [39m [caliper] [worker-orchestrator] 	Waiting for 1 workers to be connected...
2026.08.24-15:01:48.322[32m info [39m [caliper] [cli-launch-worker] 	Set workspace path: /Users/venkatrayudu/Workspace/XAI workspace/crime-records-network/benchmarks/caliper
2026.08.24-15:01:48.322[32m info [39m [caliper] [cli-launch-worker] 	Set benchmark configuration path: /Users/venkatrayudu/Workspace/XAI workspace/crime-records-network/experiments/runs/2026-08-24T09-31-48-043Z_caliper_latency-users-1/caliper-executed-benchmark.yaml
2026.08.24-15:01:48.322[32m info [39m [caliper] [cli-launch-worker] 	Set network configuration path: /Users/venkatrayudu/Workspace/XAI workspace/crime-records-network/benchmarks/caliper/generated/network-config.json
2026.08.24-15:01:48.323[32m info [39m [caliper] [cli-launch-worker] 	Set SUT type: fabric
2026.08.24-15:01:48.338[32m info [39m [caliper] [worker-orchestrator] 	1 workers connected, progressing to worker assignment phase.
2026.08.24-15:01:48.338[32m info [39m [caliper] [worker-orchestrator] 	Workers currently unassigned, awaiting index assignment...
2026.08.24-15:01:48.338[32m info [39m [caliper] [worker-orchestrator] 	Waiting for 1 workers to be assigned...
2026.08.24-15:01:48.340[32m info [39m [caliper] [worker-orchestrator] 	1 workers assigned, progressing to worker initialization phase.
2026.08.24-15:01:48.340[32m info [39m [caliper] [worker-orchestrator] 	Waiting for 1 workers to be ready...
2026.08.24-15:01:48.341[32m info [39m [caliper] [worker-message-handler] 	Initializing Worker#0...
2026.08.24-15:01:48.389[32m info [39m [caliper] [FabricConnectorFactory] 	Initializing peer gateway connector compatible with installed fabric-gateway SDK: 1.7.1
2026.08.24-15:01:48.392[32m info [39m [caliper] [IdentityManager] 	Adding io.krishnan (admin=false) as io.krishnan for organization PoliceMSP
2026.08.24-15:01:48.392[32m info [39m [caliper] [IdentityManager] 	Adding insp.rathore (admin=false) as insp.rathore for organization PoliceMSP
2026.08.24-15:01:48.393[32m info [39m [caliper] [IdentityManager] 	Adding insp.singh (admin=false) as insp.singh for organization PoliceMSP
2026.08.24-15:01:48.394[32m info [39m [caliper] [IdentityManager] 	Adding const.verma (admin=false) as const.verma for organization PoliceMSP
2026.08.24-15:01:48.394[32m info [39m [caliper] [IdentityManager] 	Adding insp.sharma (admin=false) as insp.sharma for organization PoliceMSP
2026.08.24-15:01:48.395[32m info [39m [caliper] [IdentityManager] 	Adding aud.qureshi (admin=false) as _AuditMSP_aud.qureshi for organization AuditMSP
2026.08.24-15:01:48.396[32m info [39m [caliper] [worker-message-handler] 	Worker#0 initialized
2026.08.24-15:01:48.397[32m info [39m [caliper] [worker-orchestrator] 	1 workers ready, progressing to test preparation phase.
2026.08.24-15:01:48.397[32m info [39m [caliper] [round-orchestrator] 	Started round 1 (search-users-1)
2026.08.24-15:01:48.398[32m info [39m [caliper] [worker-message-handler] 	Preparing Worker#0 for Round#0
2026.08.24-15:01:48.408[32m info [39m [caliper] [connectors/peer-gateway/PeerGateway] 	Generating contract map for user io.krishnan
2026.08.24-15:01:48.408[32m info [39m [caliper] [connectors/peer-gateway/PeerGateway] 	Generating contract map for user insp.rathore
2026.08.24-15:01:48.408[32m info [39m [caliper] [connectors/peer-gateway/PeerGateway] 	Generating contract map for user insp.singh
2026.08.24-15:01:48.408[32m info [39m [caliper] [connectors/peer-gateway/PeerGateway] 	Generating contract map for user const.verma
2026.08.24-15:01:48.409[32m info [39m [caliper] [connectors/peer-gateway/PeerGateway] 	Generating contract map for user insp.sharma
2026.08.24-15:01:48.411[32m info [39m [caliper] [connectors/peer-gateway/PeerGateway] 	Generating contract map for user _AuditMSP_aud.qureshi
2026.08.24-15:01:48.411[32m info [39m [caliper] [caliper-worker] 	Info: worker 0 prepare test phase for round 0 is starting...
2026.08.24-15:01:48.413[32m info [39m [caliper] [connectors/peer-gateway/PeerGateway] 	disconnecting gateway for user io.krishnan
2026.08.24-15:01:48.413[32m info [39m [caliper] [connectors/peer-gateway/PeerGateway] 	disconnecting gateway for user insp.rathore
2026.08.24-15:01:48.413[32m info [39m [caliper] [connectors/peer-gateway/PeerGateway] 	disconnecting gateway for user insp.singh
2026.08.24-15:01:48.413[32m info [39m [caliper] [connectors/peer-gateway/PeerGateway] 	disconnecting gateway for user const.verma
2026.08.24-15:01:48.413[32m info [39m [caliper] [connectors/peer-gateway/PeerGateway] 	disconnecting gateway for user insp.sharma
2026.08.24-15:01:48.413[32m info [39m [caliper] [connectors/peer-gateway/PeerGateway] 	disconnecting gateway for user _AuditMSP_aud.qureshi
2026.08.24-15:01:48.413[32m info [39m [caliper] [connectors/peer-gateway/PeerGateway] 	disconnecting gRpc client at peer PoliceMSP_localhost:7051
2026.08.24-15:01:48.413[32m info [39m [caliper] [connectors/peer-gateway/PeerGateway] 	disconnecting gRpc client at peer AuditMSP_localhost:11051
2026.08.24-15:01:48.413[32m info [39m [caliper] [caliper-worker] 	Info: worker 0 prepare test phase for round 0 is completed
2026.08.24-15:01:48.413[32m info [39m [caliper] [worker-message-handler] 	Worker#0 prepared for Round#0
2026.08.24-15:01:48.413[32m info [39m [caliper] [worker-orchestrator] 	1 workers prepared, progressing to test phase.
2026.08.24-15:01:48.414[32m info [39m [caliper] [round-orchestrator] 	Monitors successfully started
2026.08.24-15:01:48.414[32m info [39m [caliper] [worker-message-handler] 	Worker#0 is starting Round#0
2026.08.24-15:01:48.416[32m info [39m [caliper] [connectors/peer-gateway/PeerGateway] 	Generating contract map for user io.krishnan
2026.08.24-15:01:48.416[32m info [39m [caliper] [connectors/peer-gateway/PeerGateway] 	Generating contract map for user insp.rathore
2026.08.24-15:01:48.416[32m info [39m [caliper] [connectors/peer-gateway/PeerGateway] 	Generating contract map for user insp.singh
2026.08.24-15:01:48.416[32m info [39m [caliper] [connectors/peer-gateway/PeerGateway] 	Generating contract map for user const.verma
2026.08.24-15:01:48.417[32m info [39m [caliper] [connectors/peer-gateway/PeerGateway] 	Generating contract map for user insp.sharma
2026.08.24-15:01:48.418[32m info [39m [caliper] [connectors/peer-gateway/PeerGateway] 	Generating contract map for user _AuditMSP_aud.qureshi
2026.08.24-15:01:48.419[32m info [39m [caliper] [caliper-worker] 	Worker #0 starting workload loop
CALIPER_TX_LATENCY {"workerIndex":0,"roundIndex":0,"roundLabel":"search-users-1","transactionId":"cf10501ea441b92337ea77ba6db4451835756df63f58103a30b3d4d666108545","status":"success","startEpochMs":1787563908422,"endEpochMs":1787563908677,"latencyMs":255}
CALIPER_TX_LATENCY {"workerIndex":0,"roundIndex":0,"roundLabel":"search-users-1","transactionId":"817314290d581c5f46cc6754526901d412db42de2f5f0afd325788585e357574","status":"success","startEpochMs":1787563909421,"endEpochMs":1787563909661,"latencyMs":240}
CALIPER_TX_LATENCY {"workerIndex":0,"roundIndex":0,"roundLabel":"search-users-1","transactionId":"05ff641916cc5a32274fa7be1fc112d6e6cdcc5261920f6075f9b0a94a7ef891","status":"success","startEpochMs":1787563910420,"endEpochMs":1787563910627,"latencyMs":207}
CALIPER_TX_LATENCY {"workerIndex":0,"roundIndex":0,"roundLabel":"search-users-1","transactionId":"a7994c1b2be36d439ea75c0da64e6853b38535b26cd2a6fc2d159fc1ea4684e3","status":"success","startEpochMs":1787563911421,"endEpochMs":1787563911645,"latencyMs":224}
CALIPER_TX_LATENCY {"workerIndex":0,"roundIndex":0,"roundLabel":"search-users-1","transactionId":"15360a22aad73bc39af3b911beed9ad4e72ec55cdda4774a8cad4f7670f273f1","status":"success","startEpochMs":1787563912421,"endEpochMs":1787563912641,"latencyMs":220}
2026.08.24-15:01:53.431[32m info [39m [caliper] [default-observer] 	[search-users-1 Round 0 Transaction Info] - Submitted: 4 Succ: 4 Fail:0 Unfinished:0
CALIPER_TX_LATENCY {"workerIndex":0,"roundIndex":0,"roundLabel":"search-users-1","transactionId":"435c718a80ae35ccb445813653ccf0d214c1e53ba060604b2e6823a479053c36","status":"success","startEpochMs":1787563913421,"endEpochMs":1787563913661,"latencyMs":240}
CALIPER_TX_LATENCY {"workerIndex":0,"roundIndex":0,"roundLabel":"search-users-1","transactionId":"86c9e732665a7ed37479175177aeca1a5b39b00113346206c1245f4a950e3e95","status":"success","startEpochMs":1787563914420,"endEpochMs":1787563914648,"latencyMs":228}
CALIPER_TX_LATENCY {"workerIndex":0,"roundIndex":0,"roundLabel":"search-users-1","transactionId":"b5ebfabfa78caa955dcdd3315d2928e4fc1bfc7c5196c6ac21254e5c1b1b872c","status":"success","startEpochMs":1787563915421,"endEpochMs":1787563915646,"latencyMs":225}
CALIPER_TX_LATENCY {"workerIndex":0,"roundIndex":0,"roundLabel":"search-users-1","transactionId":"ab4ee474cf4cc04d861ce32be369193118a5e54c79c7ce975025ad3bcd1b8a61","status":"success","startEpochMs":1787563916421,"endEpochMs":1787563916645,"latencyMs":224}
CALIPER_TX_LATENCY {"workerIndex":0,"roundIndex":0,"roundLabel":"search-users-1","transactionId":"d0e78b1728d0a7f5300936cac4716e3955b46dfa9a5228284d10975bc19e087c","status":"success","startEpochMs":1787563917422,"endEpochMs":1787563917659,"latencyMs":237}
2026.08.24-15:01:58.416[32m info [39m [caliper] [default-observer] 	[search-users-1 Round 0 Transaction Info] - Submitted: 10 Succ: 9 Fail:0 Unfinished:1
CALIPER_TX_LATENCY {"workerIndex":0,"roundIndex":0,"roundLabel":"search-users-1","transactionId":"8f8fc4689d0467e27b90a11f833ffcc45bc2e750cb5d3a73128c78e6ea5af3a6","status":"success","startEpochMs":1787563918420,"endEpochMs":1787563918659,"latencyMs":239}
CALIPER_TX_LATENCY {"workerIndex":0,"roundIndex":0,"roundLabel":"search-users-1","transactionId":"636b12b368b0f1843d9fa642278ed3072555e4a8afea5fd6b10e7b7e734c4d37","status":"success","startEpochMs":1787563919420,"endEpochMs":1787563919654,"latencyMs":234}
CALIPER_TX_LATENCY {"workerIndex":0,"roundIndex":0,"roundLabel":"search-users-1","transactionId":"bab41811100eb9e76984edfa4bc1f7976ad35b54715b0af8f0e2b865789c87e1","status":"success","startEpochMs":1787563920419,"endEpochMs":1787563920662,"latencyMs":243}
CALIPER_TX_LATENCY {"workerIndex":0,"roundIndex":0,"roundLabel":"search-users-1","transactionId":"2f059bf1747a4d6eedccf8e71d49558b4bee4cc1a5f5a84a964d8b2545777b5f","status":"success","startEpochMs":1787563921421,"endEpochMs":1787563921666,"latencyMs":245}
CALIPER_TX_LATENCY {"workerIndex":0,"roundIndex":0,"roundLabel":"search-users-1","transactionId":"06bf822e60bacba637c474988607b48086849be7c169528cbcd0a12ee6e7936e","status":"success","startEpochMs":1787563922419,"endEpochMs":1787563922658,"latencyMs":239}
2026.08.24-15:02:03.417[32m info [39m [caliper] [default-observer] 	[search-users-1 Round 0 Transaction Info] - Submitted: 15 Succ: 14 Fail:0 Unfinished:1
CALIPER_TX_LATENCY {"workerIndex":0,"roundIndex":0,"roundLabel":"search-users-1","transactionId":"8d80d13e303cc53d1e1625a135b7163631f8cb8705a7cd80081ec7b08b17f6ef","status":"success","startEpochMs":1787563923419,"endEpochMs":1787563923660,"latencyMs":241}
CALIPER_TX_LATENCY {"workerIndex":0,"roundIndex":0,"roundLabel":"search-users-1","transactionId":"1df940d3f119d1148f59cb25e1b1fe0ff3b08af289ca379643eadc796c18e830","status":"success","startEpochMs":1787563924419,"endEpochMs":1787563924676,"latencyMs":257}
CALIPER_TX_LATENCY {"workerIndex":0,"roundIndex":0,"roundLabel":"search-users-1","transactionId":"01483b3fcd325c2485a5bcd0808413f4f2e7a13f01ee82fd019e8a981bfb2109","status":"success","startEpochMs":1787563925421,"endEpochMs":1787563925666,"latencyMs":245}
CALIPER_TX_LATENCY {"workerIndex":0,"roundIndex":0,"roundLabel":"search-users-1","transactionId":"464a77d0aad39eae2f13330a345455c43080848fe8de7bc9511195a6afad9d86","status":"success","startEpochMs":1787563926419,"endEpochMs":1787563926674,"latencyMs":255}
CALIPER_TX_LATENCY {"workerIndex":0,"roundIndex":0,"roundLabel":"search-users-1","transactionId":"8fe442100db2903589a761ff4950043afde987976ee27452700fb8c5202e655f","status":"success","startEpochMs":1787563927420,"endEpochMs":1787563927679,"latencyMs":259}
2026.08.24-15:02:08.418[32m info [39m [caliper] [default-observer] 	[search-users-1 Round 0 Transaction Info] - Submitted: 20 Succ: 19 Fail:0 Unfinished:1
CALIPER_TX_LATENCY {"workerIndex":0,"roundIndex":0,"roundLabel":"search-users-1","transactionId":"22d676731a822272f6449af1d2a207935dba88cb0e1f2d94517a1926d246e0c2","status":"success","startEpochMs":1787563928419,"endEpochMs":1787563928690,"latencyMs":271}
2026.08.24-15:02:09.727[32m info [39m [caliper] [connectors/peer-gateway/PeerGateway] 	disconnecting gateway for user io.krishnan
2026.08.24-15:02:09.727[32m info [39m [caliper] [connectors/peer-gateway/PeerGateway] 	disconnecting gateway for user insp.rathore
2026.08.24-15:02:09.727[32m info [39m [caliper] [connectors/peer-gateway/PeerGateway] 	disconnecting gateway for user insp.singh
2026.08.24-15:02:09.727[32m info [39m [caliper] [connectors/peer-gateway/PeerGateway] 	disconnecting gateway for user const.verma
2026.08.24-15:02:09.727[32m info [39m [caliper] [connectors/peer-gateway/PeerGateway] 	disconnecting gateway for user insp.sharma
2026.08.24-15:02:09.727[32m info [39m [caliper] [connectors/peer-gateway/PeerGateway] 	disconnecting gateway for user _AuditMSP_aud.qureshi
2026.08.24-15:02:09.728[32m info [39m [caliper] [connectors/peer-gateway/PeerGateway] 	disconnecting gRpc client at peer PoliceMSP_localhost:7051
2026.08.24-15:02:09.728[32m info [39m [caliper] [connectors/peer-gateway/PeerGateway] 	disconnecting gRpc client at peer AuditMSP_localhost:11051
2026.08.24-15:02:09.728[32m info [39m [caliper] [worker-message-handler] 	Worker#0 finished Round#0
2026.08.24-15:02:14.731[32m info [39m [caliper] [default-observer] 	Resetting txCount indicator count
2026.08.24-15:02:14.733[32m info [39m [caliper] [report-builder] 	### Test result ###
2026.08.24-15:02:14.741[32m info [39m [caliper] [report-builder] 	
+----------------+------+------+-----------------+-----------------+-----------------+-----------------+------------------+
| Name           | Succ | Fail | Send Rate (TPS) | Max Latency (s) | Min Latency (s) | Avg Latency (s) | Throughput (TPS) |
|----------------|------|------|-----------------|-----------------|-----------------|-----------------|------------------|
| search-users-1 | 21   | 0    | 1.1             | 0.27            | 0.21            | 0.24            | 1.0              |
+----------------+------+------+-----------------+-----------------+-----------------+-----------------+------------------+

2026.08.24-15:02:14.742[32m info [39m [caliper] [round-orchestrator] 	Finished round 1 (search-users-1) in 20.307 seconds
2026.08.24-15:02:14.742[32m info [39m [caliper] [monitor.js] 	Stopping all monitors
2026.08.24-15:02:14.742[32m info [39m [caliper] [report-builder] 	### All test results ###
2026.08.24-15:02:14.743[32m info [39m [caliper] [report-builder] 	
+----------------+------+------+-----------------+-----------------+-----------------+-----------------+------------------+
| Name           | Succ | Fail | Send Rate (TPS) | Max Latency (s) | Min Latency (s) | Avg Latency (s) | Throughput (TPS) |
|----------------|------|------|-----------------|-----------------|-----------------|-----------------|------------------|
| search-users-1 | 21   | 0    | 1.1             | 0.27            | 0.21            | 0.24            | 1.0              |
+----------------+------+------+-----------------+-----------------+-----------------+-----------------+------------------+

2026.08.24-15:02:14.751[32m info [39m [caliper] [report-builder] 	Generated report with path /Users/venkatrayudu/Workspace/XAI workspace/crime-records-network/experiments/runs/2026-08-24T09-31-48-043Z_caliper_latency-users-1/caliper-report.html
2026.08.24-15:02:14.751[32m info [39m [caliper] [monitor.js] 	Stopping all monitors
2026.08.24-15:02:14.751[32m info [39m [caliper] [worker-orchestrator] 	Sending exit message to connected workers
2026.08.24-15:02:14.752[32m info [39m [caliper] [round-orchestrator] 	Benchmark finished in 26.355 seconds. Total rounds: 1. Successful rounds: 1. Failed rounds: 0.
2026.08.24-15:02:14.752[32m info [39m [caliper] [caliper-engine] 	Skipping end command due to benchmark flow conditioning
2026.08.24-15:02:14.752[32m info [39m [caliper] [cli-launch-manager] 	Benchmark successfully finished!
2026.08.24-15:02:14.752[32m info [39m [caliper] [worker-message-handler] 	Worker#0 is exiting
