2026.08.24-15:27:36.238[32m info [39m [caliper] [cli-launch-manager] 	Set workspace path: /Users/venkatrayudu/Workspace/XAI workspace/crime-records-network/benchmarks/caliper
2026.08.24-15:27:36.238[32m info [39m [caliper] [cli-launch-manager] 	Set benchmark configuration path: /Users/venkatrayudu/Workspace/XAI workspace/crime-records-network/experiments/runs/2026-08-24T09-57-36-116Z_caliper_latency-clients-1/caliper-executed-benchmark.yaml
2026.08.24-15:27:36.239[32m info [39m [caliper] [cli-launch-manager] 	Set network configuration path: /Users/venkatrayudu/Workspace/XAI workspace/crime-records-network/benchmarks/caliper/generated/network-config.json
2026.08.24-15:27:36.239[32m info [39m [caliper] [cli-launch-manager] 	Set SUT type: fabric
2026.08.24-15:27:36.247[32m info [39m [caliper] [benchmark-validator] 	No observer specified, will default to `none`
2026.08.24-15:27:36.248[32m info [39m [caliper] [caliper-engine] 	Starting benchmark flow
2026.08.24-15:27:36.248[32m info [39m [caliper] [caliper-engine] 	Skipping start commands due to benchmark flow conditioning
2026.08.24-15:27:36.248[32m info [39m [caliper] [caliper-engine] 	Skipping initialization phase due to benchmark flow conditioning
2026.08.24-15:27:36.248[32m info [39m [caliper] [caliper-engine] 	Skipping install smart contract phase due to benchmark flow conditioning
2026.08.24-15:27:36.294[32m info [39m [caliper] [FabricConnectorFactory] 	Initializing peer gateway connector compatible with installed fabric-gateway SDK: 1.7.1
2026.08.24-15:27:36.301[32m info [39m [caliper] [IdentityManager] 	Adding io.krishnan (admin=false) as io.krishnan for organization PoliceMSP
2026.08.24-15:27:36.301[32m info [39m [caliper] [IdentityManager] 	Adding insp.rathore (admin=false) as insp.rathore for organization PoliceMSP
2026.08.24-15:27:36.302[32m info [39m [caliper] [IdentityManager] 	Adding insp.singh (admin=false) as insp.singh for organization PoliceMSP
2026.08.24-15:27:36.302[32m info [39m [caliper] [IdentityManager] 	Adding const.verma (admin=false) as const.verma for organization PoliceMSP
2026.08.24-15:27:36.302[32m info [39m [caliper] [IdentityManager] 	Adding insp.sharma (admin=false) as insp.sharma for organization PoliceMSP
2026.08.24-15:27:36.303[32m info [39m [caliper] [IdentityManager] 	Adding aud.qureshi (admin=false) as _AuditMSP_aud.qureshi for organization AuditMSP
2026.08.24-15:27:36.303[32m info [39m [caliper] [monitor.js] 	Attempting to create resource monitor of type prometheus
2026.08.24-15:27:36.304[32m info [39m [caliper] [default-observer] 	Observer interval set to 5000 milliseconds
2026.08.24-15:27:36.305[32m info [39m [caliper] [round-orchestrator] 	Preparing worker connections
2026.08.24-15:27:36.305[32m info [39m [caliper] [worker-orchestrator] 	Launching worker 1 of 1
2026.08.24-15:27:36.307[32m info [39m [caliper] [worker-orchestrator] 	Messenger not configured, entering configure phase...
2026.08.24-15:27:36.307[32m info [39m [caliper] [worker-orchestrator] 	No existing workers detected, entering worker launch phase...
2026.08.24-15:27:36.307[32m info [39m [caliper] [worker-orchestrator] 	Waiting for 1 workers to be connected...
2026.08.24-15:27:36.416[32m info [39m [caliper] [cli-launch-worker] 	Set workspace path: /Users/venkatrayudu/Workspace/XAI workspace/crime-records-network/benchmarks/caliper
2026.08.24-15:27:36.416[32m info [39m [caliper] [cli-launch-worker] 	Set benchmark configuration path: /Users/venkatrayudu/Workspace/XAI workspace/crime-records-network/experiments/runs/2026-08-24T09-57-36-116Z_caliper_latency-clients-1/caliper-executed-benchmark.yaml
2026.08.24-15:27:36.417[32m info [39m [caliper] [cli-launch-worker] 	Set network configuration path: /Users/venkatrayudu/Workspace/XAI workspace/crime-records-network/benchmarks/caliper/generated/network-config.json
2026.08.24-15:27:36.417[32m info [39m [caliper] [cli-launch-worker] 	Set SUT type: fabric
2026.08.24-15:27:36.430[32m info [39m [caliper] [worker-orchestrator] 	1 workers connected, progressing to worker assignment phase.
2026.08.24-15:27:36.430[32m info [39m [caliper] [worker-orchestrator] 	Workers currently unassigned, awaiting index assignment...
2026.08.24-15:27:36.430[32m info [39m [caliper] [worker-orchestrator] 	Waiting for 1 workers to be assigned...
2026.08.24-15:27:36.433[32m info [39m [caliper] [worker-orchestrator] 	1 workers assigned, progressing to worker initialization phase.
2026.08.24-15:27:36.433[32m info [39m [caliper] [worker-orchestrator] 	Waiting for 1 workers to be ready...
2026.08.24-15:27:36.434[32m info [39m [caliper] [worker-message-handler] 	Initializing Worker#0...
2026.08.24-15:27:36.485[32m info [39m [caliper] [FabricConnectorFactory] 	Initializing peer gateway connector compatible with installed fabric-gateway SDK: 1.7.1
2026.08.24-15:27:36.487[32m info [39m [caliper] [IdentityManager] 	Adding io.krishnan (admin=false) as io.krishnan for organization PoliceMSP
2026.08.24-15:27:36.488[32m info [39m [caliper] [IdentityManager] 	Adding insp.rathore (admin=false) as insp.rathore for organization PoliceMSP
2026.08.24-15:27:36.488[32m info [39m [caliper] [IdentityManager] 	Adding insp.singh (admin=false) as insp.singh for organization PoliceMSP
2026.08.24-15:27:36.488[32m info [39m [caliper] [IdentityManager] 	Adding const.verma (admin=false) as const.verma for organization PoliceMSP
2026.08.24-15:27:36.489[32m info [39m [caliper] [IdentityManager] 	Adding insp.sharma (admin=false) as insp.sharma for organization PoliceMSP
2026.08.24-15:27:36.489[32m info [39m [caliper] [IdentityManager] 	Adding aud.qureshi (admin=false) as _AuditMSP_aud.qureshi for organization AuditMSP
2026.08.24-15:27:36.491[32m info [39m [caliper] [worker-message-handler] 	Worker#0 initialized
2026.08.24-15:27:36.491[32m info [39m [caliper] [worker-orchestrator] 	1 workers ready, progressing to test preparation phase.
2026.08.24-15:27:36.491[32m info [39m [caliper] [round-orchestrator] 	Started round 1 (clients-1-warmup)
2026.08.24-15:27:36.492[32m info [39m [caliper] [worker-message-handler] 	Preparing Worker#0 for Round#0
2026.08.24-15:27:36.501[32m info [39m [caliper] [connectors/peer-gateway/PeerGateway] 	Generating contract map for user io.krishnan
2026.08.24-15:27:36.502[32m info [39m [caliper] [connectors/peer-gateway/PeerGateway] 	Generating contract map for user insp.rathore
2026.08.24-15:27:36.502[32m info [39m [caliper] [connectors/peer-gateway/PeerGateway] 	Generating contract map for user insp.singh
2026.08.24-15:27:36.502[32m info [39m [caliper] [connectors/peer-gateway/PeerGateway] 	Generating contract map for user const.verma
2026.08.24-15:27:36.502[32m info [39m [caliper] [connectors/peer-gateway/PeerGateway] 	Generating contract map for user insp.sharma
2026.08.24-15:27:36.504[32m info [39m [caliper] [connectors/peer-gateway/PeerGateway] 	Generating contract map for user _AuditMSP_aud.qureshi
2026.08.24-15:27:36.504[32m info [39m [caliper] [caliper-worker] 	Info: worker 0 prepare test phase for round 0 is starting...
2026.08.24-15:27:36.506[32m info [39m [caliper] [connectors/peer-gateway/PeerGateway] 	disconnecting gateway for user io.krishnan
2026.08.24-15:27:36.506[32m info [39m [caliper] [connectors/peer-gateway/PeerGateway] 	disconnecting gateway for user insp.rathore
2026.08.24-15:27:36.506[32m info [39m [caliper] [connectors/peer-gateway/PeerGateway] 	disconnecting gateway for user insp.singh
2026.08.24-15:27:36.506[32m info [39m [caliper] [connectors/peer-gateway/PeerGateway] 	disconnecting gateway for user const.verma
2026.08.24-15:27:36.506[32m info [39m [caliper] [connectors/peer-gateway/PeerGateway] 	disconnecting gateway for user insp.sharma
2026.08.24-15:27:36.506[32m info [39m [caliper] [connectors/peer-gateway/PeerGateway] 	disconnecting gateway for user _AuditMSP_aud.qureshi
2026.08.24-15:27:36.506[32m info [39m [caliper] [connectors/peer-gateway/PeerGateway] 	disconnecting gRpc client at peer PoliceMSP_localhost:7051
2026.08.24-15:27:36.506[32m info [39m [caliper] [connectors/peer-gateway/PeerGateway] 	disconnecting gRpc client at peer AuditMSP_localhost:11051
2026.08.24-15:27:36.506[32m info [39m [caliper] [caliper-worker] 	Info: worker 0 prepare test phase for round 0 is completed
2026.08.24-15:27:36.506[32m info [39m [caliper] [worker-message-handler] 	Worker#0 prepared for Round#0
2026.08.24-15:27:36.507[32m info [39m [caliper] [worker-orchestrator] 	1 workers prepared, progressing to test phase.
2026.08.24-15:27:36.507[32m info [39m [caliper] [round-orchestrator] 	Monitors successfully started
2026.08.24-15:27:36.507[32m info [39m [caliper] [worker-message-handler] 	Worker#0 is starting Round#0
2026.08.24-15:27:36.508[32m info [39m [caliper] [connectors/peer-gateway/PeerGateway] 	Generating contract map for user io.krishnan
2026.08.24-15:27:36.508[32m info [39m [caliper] [connectors/peer-gateway/PeerGateway] 	Generating contract map for user insp.rathore
2026.08.24-15:27:36.509[32m info [39m [caliper] [connectors/peer-gateway/PeerGateway] 	Generating contract map for user insp.singh
2026.08.24-15:27:36.509[32m info [39m [caliper] [connectors/peer-gateway/PeerGateway] 	Generating contract map for user const.verma
2026.08.24-15:27:36.509[32m info [39m [caliper] [connectors/peer-gateway/PeerGateway] 	Generating contract map for user insp.sharma
2026.08.24-15:27:36.510[32m info [39m [caliper] [connectors/peer-gateway/PeerGateway] 	Generating contract map for user _AuditMSP_aud.qureshi
2026.08.24-15:27:36.510[32m info [39m [caliper] [caliper-worker] 	Worker #0 starting workload loop
CALIPER_TX_LATENCY {"workerIndex":0,"roundIndex":0,"roundLabel":"clients-1-warmup","transactionId":"3ed77b225dd4033721326be7b6874307e0ae7032bb43c54554696c9ecfd65a80","status":"success","startEpochMs":1787565456513,"endEpochMs":1787565456567,"latencyMs":54}
CALIPER_TX_LATENCY {"workerIndex":0,"roundIndex":0,"roundLabel":"clients-1-warmup","transactionId":"ca61f9f6c8fca2e6f57e3bdb9c077b38402f894dc4f2aafc1d5fd8701515d962","status":"success","startEpochMs":1787565457511,"endEpochMs":1787565457519,"latencyMs":8}
CALIPER_TX_LATENCY {"workerIndex":0,"roundIndex":0,"roundLabel":"clients-1-warmup","transactionId":"bfbe28bd3f039a9a8d90c573f4ac617341136bc23d0afe4b8d745c67841d884b","status":"success","startEpochMs":1787565458511,"endEpochMs":1787565458522,"latencyMs":11}
CALIPER_TX_LATENCY {"workerIndex":0,"roundIndex":0,"roundLabel":"clients-1-warmup","transactionId":"56a2f75b398177db271bdfcb426766d3869f97bfc82710fb90c3547c7290ae31","status":"success","startEpochMs":1787565459512,"endEpochMs":1787565459519,"latencyMs":7}
CALIPER_TX_LATENCY {"workerIndex":0,"roundIndex":0,"roundLabel":"clients-1-warmup","transactionId":"7358aa16ddfd43b6c265b2b4b2b43d81bf36aa4b1e8c56e6473e12ebb5a69884","status":"success","startEpochMs":1787565460512,"endEpochMs":1787565460521,"latencyMs":9}
2026.08.24-15:27:41.517[32m info [39m [caliper] [default-observer] 	[clients-1-warmup Round 0 Transaction Info] - Submitted: 4 Succ: 4 Fail:0 Unfinished:0
CALIPER_TX_LATENCY {"workerIndex":0,"roundIndex":0,"roundLabel":"clients-1-warmup","transactionId":"63565021fd4d84a87ee7e708908fc5fe34f977e528b4ec75ff8fa79d3b6df53e","status":"success","startEpochMs":1787565461511,"endEpochMs":1787565461520,"latencyMs":9}
CALIPER_TX_LATENCY {"workerIndex":0,"roundIndex":0,"roundLabel":"clients-1-warmup","transactionId":"3d0d8149321ecdeaf6887f9f8ed29e37e0f837528504cf279652e2cfd81d33fd","status":"success","startEpochMs":1787565462512,"endEpochMs":1787565462527,"latencyMs":15}
CALIPER_TX_LATENCY {"workerIndex":0,"roundIndex":0,"roundLabel":"clients-1-warmup","transactionId":"d9385c67d30d7d4b6415aa99da3d42890e21a0d386a472a46c8cee5393f76d66","status":"success","startEpochMs":1787565463512,"endEpochMs":1787565463524,"latencyMs":12}
CALIPER_TX_LATENCY {"workerIndex":0,"roundIndex":0,"roundLabel":"clients-1-warmup","transactionId":"103e53a9a47bda8cd2c83006ce547b409cccc856e6af2fe1af6d4905e8af40b2","status":"success","startEpochMs":1787565464513,"endEpochMs":1787565464530,"latencyMs":17}
CALIPER_TX_LATENCY {"workerIndex":0,"roundIndex":0,"roundLabel":"clients-1-warmup","transactionId":"9b69e7cd9748e4cb484a68144cb37dd871ba03d257e0ea979522516ed1b1e758","status":"success","startEpochMs":1787565465513,"endEpochMs":1787565465530,"latencyMs":17}
2026.08.24-15:27:46.509[32m info [39m [caliper] [default-observer] 	[clients-1-warmup Round 0 Transaction Info] - Submitted: 10 Succ: 9 Fail:0 Unfinished:1
CALIPER_TX_LATENCY {"workerIndex":0,"roundIndex":0,"roundLabel":"clients-1-warmup","transactionId":"df8af4a8234c3b3e249f70d89c423fbeb885ccf32da3c8e3d01045005243a971","status":"success","startEpochMs":1787565466512,"endEpochMs":1787565466525,"latencyMs":13}
2026.08.24-15:27:47.617[32m info [39m [caliper] [connectors/peer-gateway/PeerGateway] 	disconnecting gateway for user io.krishnan
2026.08.24-15:27:47.617[32m info [39m [caliper] [connectors/peer-gateway/PeerGateway] 	disconnecting gateway for user insp.rathore
2026.08.24-15:27:47.617[32m info [39m [caliper] [connectors/peer-gateway/PeerGateway] 	disconnecting gateway for user insp.singh
2026.08.24-15:27:47.617[32m info [39m [caliper] [connectors/peer-gateway/PeerGateway] 	disconnecting gateway for user const.verma
2026.08.24-15:27:47.617[32m info [39m [caliper] [connectors/peer-gateway/PeerGateway] 	disconnecting gateway for user insp.sharma
2026.08.24-15:27:47.617[32m info [39m [caliper] [connectors/peer-gateway/PeerGateway] 	disconnecting gateway for user _AuditMSP_aud.qureshi
2026.08.24-15:27:47.617[32m info [39m [caliper] [connectors/peer-gateway/PeerGateway] 	disconnecting gRpc client at peer PoliceMSP_localhost:7051
2026.08.24-15:27:47.618[32m info [39m [caliper] [connectors/peer-gateway/PeerGateway] 	disconnecting gRpc client at peer AuditMSP_localhost:11051
2026.08.24-15:27:47.618[32m info [39m [caliper] [worker-message-handler] 	Worker#0 finished Round#0
2026.08.24-15:27:52.619[32m info [39m [caliper] [default-observer] 	Resetting txCount indicator count
2026.08.24-15:27:52.620[32m info [39m [caliper] [report-builder] 	### Test result ###
2026.08.24-15:27:52.621[32m info [39m [caliper] [report-builder] 	
+------------------+------+------+-----------------+-----------------+-----------------+-----------------+------------------+
| Name             | Succ | Fail | Send Rate (TPS) | Max Latency (s) | Min Latency (s) | Avg Latency (s) | Throughput (TPS) |
|------------------|------|------|-----------------|-----------------|-----------------|-----------------|------------------|
| clients-1-warmup | 11   | 0    | 1.1             | 0.05            | 0.01            | 0.02            | 1.1              |
+------------------+------+------+-----------------+-----------------+-----------------+-----------------+------------------+

2026.08.24-15:27:52.633[32m info [39m [caliper] [report-builder] 	### prometheus resource stats ###'
2026.08.24-15:27:52.634[32m info [39m [caliper] [report-builder] 	
+--------------------------------------------------+-------------------------------------------------------------------------------------------------------------------------------------------------------------------------------------------------------------------------------------------------------------------------------------------------+------------------------------------+---------+
| Metric                                           | Prometheus Query                                                                                                                                                                                                                                                                                | Name                               | Value   |
|--------------------------------------------------|-------------------------------------------------------------------------------------------------------------------------------------------------------------------------------------------------------------------------------------------------------------------------------------------------|------------------------------------|---------|
| Process resident memory (MiB, max)               | process_resident_memory_bytes{job=~"fabric-.*"}                                                                                                                                                                                                                                                 | orderer.example.com:9443           | 88.1    |
|--------------------------------------------------|-------------------------------------------------------------------------------------------------------------------------------------------------------------------------------------------------------------------------------------------------------------------------------------------------|------------------------------------|---------|
|                                                  |                                                                                                                                                                                                                                                                                                 | peer0.audit.example.com:9448       | 132     |
|--------------------------------------------------|-------------------------------------------------------------------------------------------------------------------------------------------------------------------------------------------------------------------------------------------------------------------------------------------------|------------------------------------|---------|
|                                                  |                                                                                                                                                                                                                                                                                                 | peer0.court.example.com:9447       | 133     |
|--------------------------------------------------|-------------------------------------------------------------------------------------------------------------------------------------------------------------------------------------------------------------------------------------------------------------------------------------------------|------------------------------------|---------|
|                                                  |                                                                                                                                                                                                                                                                                                 | peer0.forensics.example.com:9445   | 132     |
|--------------------------------------------------|-------------------------------------------------------------------------------------------------------------------------------------------------------------------------------------------------------------------------------------------------------------------------------------------------|------------------------------------|---------|
|                                                  |                                                                                                                                                                                                                                                                                                 | peer0.police.example.com:9444      | 138     |
|--------------------------------------------------|-------------------------------------------------------------------------------------------------------------------------------------------------------------------------------------------------------------------------------------------------------------------------------------------------|------------------------------------|---------|
|                                                  |                                                                                                                                                                                                                                                                                                 | peer0.prosecution.example.com:9446 | 130     |
|--------------------------------------------------|-------------------------------------------------------------------------------------------------------------------------------------------------------------------------------------------------------------------------------------------------------------------------------------------------|------------------------------------|---------|
| Process CPU rate (percent, max)                  | rate(process_cpu_seconds_total{job=~"fabric-.*"}[1m])                                                                                                                                                                                                                                           | orderer.example.com:9443           | 0.236   |
|--------------------------------------------------|-------------------------------------------------------------------------------------------------------------------------------------------------------------------------------------------------------------------------------------------------------------------------------------------------|------------------------------------|---------|
|                                                  |                                                                                                                                                                                                                                                                                                 | peer0.audit.example.com:9448       | 2.73    |
|--------------------------------------------------|-------------------------------------------------------------------------------------------------------------------------------------------------------------------------------------------------------------------------------------------------------------------------------------------------|------------------------------------|---------|
|                                                  |                                                                                                                                                                                                                                                                                                 | peer0.court.example.com:9447       | 2.80    |
|--------------------------------------------------|-------------------------------------------------------------------------------------------------------------------------------------------------------------------------------------------------------------------------------------------------------------------------------------------------|------------------------------------|---------|
|                                                  |                                                                                                                                                                                                                                                                                                 | peer0.forensics.example.com:9445   | 2.67    |
|--------------------------------------------------|-------------------------------------------------------------------------------------------------------------------------------------------------------------------------------------------------------------------------------------------------------------------------------------------------|------------------------------------|---------|
|                                                  |                                                                                                                                                                                                                                                                                                 | peer0.police.example.com:9444      | 2.96    |
|--------------------------------------------------|-------------------------------------------------------------------------------------------------------------------------------------------------------------------------------------------------------------------------------------------------------------------------------------------------|------------------------------------|---------|
|                                                  |                                                                                                                                                                                                                                                                                                 | peer0.prosecution.example.com:9446 | 2.78    |
|--------------------------------------------------|-------------------------------------------------------------------------------------------------------------------------------------------------------------------------------------------------------------------------------------------------------------------------------------------------|------------------------------------|---------|
| Crimerecords endorsement duration (seconds, avg) | sum by (instance) (rate(endorser_proposal_duration_sum{job=~"fabric-.*",channel="crimechannel",chaincode="crimerecords",success="true"}[1m])) / sum by (instance) (rate(endorser_proposal_duration_count{job=~"fabric-.*",channel="crimechannel",chaincode="crimerecords",success="true"}[1m])) | peer0.audit.example.com:9448       | 0.00908 |
|--------------------------------------------------|-------------------------------------------------------------------------------------------------------------------------------------------------------------------------------------------------------------------------------------------------------------------------------------------------|------------------------------------|---------|
|                                                  |                                                                                                                                                                                                                                                                                                 | peer0.court.example.com:9447       | 0.0120  |
|--------------------------------------------------|-------------------------------------------------------------------------------------------------------------------------------------------------------------------------------------------------------------------------------------------------------------------------------------------------|------------------------------------|---------|
|                                                  |                                                                                                                                                                                                                                                                                                 | peer0.forensics.example.com:9445   | 0.0105  |
|--------------------------------------------------|-------------------------------------------------------------------------------------------------------------------------------------------------------------------------------------------------------------------------------------------------------------------------------------------------|------------------------------------|---------|
|                                                  |                                                                                                                                                                                                                                                                                                 | peer0.police.example.com:9444      | 0.00861 |
|--------------------------------------------------|-------------------------------------------------------------------------------------------------------------------------------------------------------------------------------------------------------------------------------------------------------------------------------------------------|------------------------------------|---------|
|                                                  |                                                                                                                                                                                                                                                                                                 | peer0.prosecution.example.com:9446 | 0.0125  |
|--------------------------------------------------|-------------------------------------------------------------------------------------------------------------------------------------------------------------------------------------------------------------------------------------------------------------------------------------------------|------------------------------------|---------|
| Ledger height (blocks, max)                      | ledger_blockchain_height{job=~"fabric-.*",channel="crimechannel"}                                                                                                                                                                                                                               | orderer.example.com:9443           | 390     |
|--------------------------------------------------|-------------------------------------------------------------------------------------------------------------------------------------------------------------------------------------------------------------------------------------------------------------------------------------------------|------------------------------------|---------|
|                                                  |                                                                                                                                                                                                                                                                                                 | peer0.audit.example.com:9448       | 390     |
|--------------------------------------------------|-------------------------------------------------------------------------------------------------------------------------------------------------------------------------------------------------------------------------------------------------------------------------------------------------|------------------------------------|---------|
|                                                  |                                                                                                                                                                                                                                                                                                 | peer0.court.example.com:9447       | 390     |
|--------------------------------------------------|-------------------------------------------------------------------------------------------------------------------------------------------------------------------------------------------------------------------------------------------------------------------------------------------------|------------------------------------|---------|
|                                                  |                                                                                                                                                                                                                                                                                                 | peer0.forensics.example.com:9445   | 390     |
|--------------------------------------------------|-------------------------------------------------------------------------------------------------------------------------------------------------------------------------------------------------------------------------------------------------------------------------------------------------|------------------------------------|---------|
|                                                  |                                                                                                                                                                                                                                                                                                 | peer0.police.example.com:9444      | 390     |
|--------------------------------------------------|-------------------------------------------------------------------------------------------------------------------------------------------------------------------------------------------------------------------------------------------------------------------------------------------------|------------------------------------|---------|
|                                                  |                                                                                                                                                                                                                                                                                                 | peer0.prosecution.example.com:9446 | 390     |
+--------------------------------------------------+-------------------------------------------------------------------------------------------------------------------------------------------------------------------------------------------------------------------------------------------------------------------------------------------------+------------------------------------+---------+

2026.08.24-15:27:52.634[32m info [39m [caliper] [round-orchestrator] 	Finished round 1 (clients-1-warmup) in 10.106 seconds
2026.08.24-15:27:52.635[32m info [39m [caliper] [monitor.js] 	Stopping all monitors
2026.08.24-15:27:52.635[32m info [39m [caliper] [round-orchestrator] 	Waiting 5 seconds for the next round...
2026.08.24-15:27:57.635[32m info [39m [caliper] [round-orchestrator] 	Started round 2 (clients-1-read)
2026.08.24-15:27:57.636[32m info [39m [caliper] [worker-message-handler] 	Preparing Worker#0 for Round#1
2026.08.24-15:27:57.637[32m info [39m [caliper] [connectors/peer-gateway/PeerGateway] 	Generating contract map for user io.krishnan
2026.08.24-15:27:57.637[32m info [39m [caliper] [connectors/peer-gateway/PeerGateway] 	Generating contract map for user insp.rathore
2026.08.24-15:27:57.637[32m info [39m [caliper] [connectors/peer-gateway/PeerGateway] 	Generating contract map for user insp.singh
2026.08.24-15:27:57.637[32m info [39m [caliper] [connectors/peer-gateway/PeerGateway] 	Generating contract map for user const.verma
2026.08.24-15:27:57.637[32m info [39m [caliper] [connectors/peer-gateway/PeerGateway] 	Generating contract map for user insp.sharma
2026.08.24-15:27:57.638[32m info [39m [caliper] [connectors/peer-gateway/PeerGateway] 	Generating contract map for user _AuditMSP_aud.qureshi
2026.08.24-15:27:57.638[32m info [39m [caliper] [caliper-worker] 	Info: worker 0 prepare test phase for round 1 is starting...
2026.08.24-15:27:57.640[32m info [39m [caliper] [connectors/peer-gateway/PeerGateway] 	disconnecting gateway for user io.krishnan
2026.08.24-15:27:57.640[32m info [39m [caliper] [connectors/peer-gateway/PeerGateway] 	disconnecting gateway for user insp.rathore
2026.08.24-15:27:57.640[32m info [39m [caliper] [connectors/peer-gateway/PeerGateway] 	disconnecting gateway for user insp.singh
2026.08.24-15:27:57.640[32m info [39m [caliper] [connectors/peer-gateway/PeerGateway] 	disconnecting gateway for user const.verma
2026.08.24-15:27:57.640[32m info [39m [caliper] [connectors/peer-gateway/PeerGateway] 	disconnecting gateway for user insp.sharma
2026.08.24-15:27:57.640[32m info [39m [caliper] [connectors/peer-gateway/PeerGateway] 	disconnecting gateway for user _AuditMSP_aud.qureshi
2026.08.24-15:27:57.640[32m info [39m [caliper] [connectors/peer-gateway/PeerGateway] 	disconnecting gRpc client at peer PoliceMSP_localhost:7051
2026.08.24-15:27:57.640[32m info [39m [caliper] [connectors/peer-gateway/PeerGateway] 	disconnecting gRpc client at peer AuditMSP_localhost:11051
2026.08.24-15:27:57.640[32m info [39m [caliper] [caliper-worker] 	Info: worker 0 prepare test phase for round 1 is completed
2026.08.24-15:27:57.640[32m info [39m [caliper] [worker-message-handler] 	Worker#0 prepared for Round#1
2026.08.24-15:27:57.640[32m info [39m [caliper] [worker-orchestrator] 	1 workers prepared, progressing to test phase.
2026.08.24-15:27:57.640[32m info [39m [caliper] [round-orchestrator] 	Monitors successfully started
2026.08.24-15:27:57.640[32m info [39m [caliper] [worker-message-handler] 	Worker#0 is starting Round#1
2026.08.24-15:27:57.641[32m info [39m [caliper] [connectors/peer-gateway/PeerGateway] 	Generating contract map for user io.krishnan
2026.08.24-15:27:57.641[32m info [39m [caliper] [connectors/peer-gateway/PeerGateway] 	Generating contract map for user insp.rathore
2026.08.24-15:27:57.641[32m info [39m [caliper] [connectors/peer-gateway/PeerGateway] 	Generating contract map for user insp.singh
2026.08.24-15:27:57.641[32m info [39m [caliper] [connectors/peer-gateway/PeerGateway] 	Generating contract map for user const.verma
2026.08.24-15:27:57.641[32m info [39m [caliper] [connectors/peer-gateway/PeerGateway] 	Generating contract map for user insp.sharma
2026.08.24-15:27:57.642[32m info [39m [caliper] [connectors/peer-gateway/PeerGateway] 	Generating contract map for user _AuditMSP_aud.qureshi
2026.08.24-15:27:57.642[32m info [39m [caliper] [caliper-worker] 	Worker #0 starting workload loop
CALIPER_TX_LATENCY {"workerIndex":0,"roundIndex":1,"roundLabel":"clients-1-read","transactionId":"44046c4bbfcd3c003017604473eb47c94a26c18e4289fdb1877e877e219adcc2","status":"success","startEpochMs":1787565477644,"endEpochMs":1787565477659,"latencyMs":15}
CALIPER_TX_LATENCY {"workerIndex":0,"roundIndex":1,"roundLabel":"clients-1-read","transactionId":"a8a614b35060961b7e4a54abc28a234248f0e8c691844d6c4487be7573783bb9","status":"success","startEpochMs":1787565478643,"endEpochMs":1787565478650,"latencyMs":7}
CALIPER_TX_LATENCY {"workerIndex":0,"roundIndex":1,"roundLabel":"clients-1-read","transactionId":"a7e1e42a12455bad5ab8101508acee06a9329c72bdc407032572eabfce4b91f8","status":"success","startEpochMs":1787565479643,"endEpochMs":1787565479652,"latencyMs":9}
CALIPER_TX_LATENCY {"workerIndex":0,"roundIndex":1,"roundLabel":"clients-1-read","transactionId":"defe222cfddc27b1ebeca18c21dbc51ac048133a94c8892f4b8a4a2e957b5b88","status":"success","startEpochMs":1787565480643,"endEpochMs":1787565480651,"latencyMs":8}
CALIPER_TX_LATENCY {"workerIndex":0,"roundIndex":1,"roundLabel":"clients-1-read","transactionId":"23380d4edafc760ff1a62687863cf379c91c8eedf8ffcff0f99829d3f2533253","status":"success","startEpochMs":1787565481644,"endEpochMs":1787565481653,"latencyMs":9}
2026.08.24-15:28:02.641[32m info [39m [caliper] [default-observer] 	[clients-1-read Round 1 Transaction Info] - Submitted: 4 Succ: 4 Fail:0 Unfinished:0
CALIPER_TX_LATENCY {"workerIndex":0,"roundIndex":1,"roundLabel":"clients-1-read","transactionId":"61e2204aa3e05d3bce8e1eff1b6281e48bef02e807cf57ac5a0613ce6d47bdb0","status":"success","startEpochMs":1787565482644,"endEpochMs":1787565482652,"latencyMs":8}
CALIPER_TX_LATENCY {"workerIndex":0,"roundIndex":1,"roundLabel":"clients-1-read","transactionId":"3c8c73813eb64f12dc50c7ee3574edf3794401877a661ef001125d423373433e","status":"success","startEpochMs":1787565483643,"endEpochMs":1787565483652,"latencyMs":9}
CALIPER_TX_LATENCY {"workerIndex":0,"roundIndex":1,"roundLabel":"clients-1-read","transactionId":"8c07f163ee67ae29ce01af704456af5ffa8ec5c0bb1bac03db187afbbe3a4b62","status":"success","startEpochMs":1787565484644,"endEpochMs":1787565484650,"latencyMs":6}
CALIPER_TX_LATENCY {"workerIndex":0,"roundIndex":1,"roundLabel":"clients-1-read","transactionId":"f8482deb6314f788aace094cf752f1f3dfcb9ee9050ca75367a828ecd1598511","status":"success","startEpochMs":1787565485644,"endEpochMs":1787565485651,"latencyMs":7}
CALIPER_TX_LATENCY {"workerIndex":0,"roundIndex":1,"roundLabel":"clients-1-read","transactionId":"6cb61b4a624f1175d114437fe40fbc102238432b87bf5190b912dd353260247d","status":"success","startEpochMs":1787565486645,"endEpochMs":1787565486653,"latencyMs":8}
2026.08.24-15:28:07.642[32m info [39m [caliper] [default-observer] 	[clients-1-read Round 1 Transaction Info] - Submitted: 9 Succ: 9 Fail:0 Unfinished:0
CALIPER_TX_LATENCY {"workerIndex":0,"roundIndex":1,"roundLabel":"clients-1-read","transactionId":"466341e9c1eb29a6b75d2be067092efbbf90cbc05eebd327a1c4f7eef13585ba","status":"success","startEpochMs":1787565487643,"endEpochMs":1787565487650,"latencyMs":7}
CALIPER_TX_LATENCY {"workerIndex":0,"roundIndex":1,"roundLabel":"clients-1-read","transactionId":"0bb6d901871bdd62eb1c85292cc49cf6036b7007348115a983679d9d0163ee0c","status":"success","startEpochMs":1787565488643,"endEpochMs":1787565488653,"latencyMs":10}
CALIPER_TX_LATENCY {"workerIndex":0,"roundIndex":1,"roundLabel":"clients-1-read","transactionId":"1117a0f43c69dd9ec7f710f108bea498397049c18138440e6660616f6331dabb","status":"success","startEpochMs":1787565489643,"endEpochMs":1787565489658,"latencyMs":15}
CALIPER_TX_LATENCY {"workerIndex":0,"roundIndex":1,"roundLabel":"clients-1-read","transactionId":"8c37ea88af6a936d75594fb21de9a72057b15259d7d83a234beeed643feb5922","status":"success","startEpochMs":1787565490643,"endEpochMs":1787565490654,"latencyMs":11}
CALIPER_TX_LATENCY {"workerIndex":0,"roundIndex":1,"roundLabel":"clients-1-read","transactionId":"1da453d0fb60b883061966c5712fb4e8355071235f1b3a58c554e6f89f8ab9c4","status":"success","startEpochMs":1787565491644,"endEpochMs":1787565491659,"latencyMs":15}
2026.08.24-15:28:12.644[32m info [39m [caliper] [default-observer] 	[clients-1-read Round 1 Transaction Info] - Submitted: 15 Succ: 14 Fail:0 Unfinished:1
CALIPER_TX_LATENCY {"workerIndex":0,"roundIndex":1,"roundLabel":"clients-1-read","transactionId":"0bb1304383d3a9bcc0be69e97aa1aef3dbcd375c5e209de45236b7e9a3dfa85f","status":"success","startEpochMs":1787565492644,"endEpochMs":1787565492655,"latencyMs":11}
CALIPER_TX_LATENCY {"workerIndex":0,"roundIndex":1,"roundLabel":"clients-1-read","transactionId":"25b33810006270dd711df837c6f40a32951a70b863b8f32a8a0cf679ad069885","status":"success","startEpochMs":1787565493643,"endEpochMs":1787565493655,"latencyMs":12}
CALIPER_TX_LATENCY {"workerIndex":0,"roundIndex":1,"roundLabel":"clients-1-read","transactionId":"522a54c32cc12190fc22258e856622864924d71efb410f54652616782c1b740b","status":"success","startEpochMs":1787565494644,"endEpochMs":1787565494656,"latencyMs":12}
CALIPER_TX_LATENCY {"workerIndex":0,"roundIndex":1,"roundLabel":"clients-1-read","transactionId":"92474ad8312145915975b62d63e763f91f1310f1ead999ea47dc30e3654661c4","status":"success","startEpochMs":1787565495643,"endEpochMs":1787565495656,"latencyMs":13}
CALIPER_TX_LATENCY {"workerIndex":0,"roundIndex":1,"roundLabel":"clients-1-read","transactionId":"52838889515fdb3318b910a94ed3c3459f1db51eb21d1d8bf3be436df171d961","status":"success","startEpochMs":1787565496644,"endEpochMs":1787565496655,"latencyMs":11}
2026.08.24-15:28:17.644[32m info [39m [caliper] [default-observer] 	[clients-1-read Round 1 Transaction Info] - Submitted: 20 Succ: 19 Fail:0 Unfinished:1
CALIPER_TX_LATENCY {"workerIndex":0,"roundIndex":1,"roundLabel":"clients-1-read","transactionId":"e1ebf7ec4381294f7cfddb41bed16cea1a4fd5f820b0ebda0d326588b534da7f","status":"success","startEpochMs":1787565497645,"endEpochMs":1787565497658,"latencyMs":13}
CALIPER_TX_LATENCY {"workerIndex":0,"roundIndex":1,"roundLabel":"clients-1-read","transactionId":"9db68a1552266c569ed275b965e73882efb291da954f42164c08434ee7c1a1e0","status":"success","startEpochMs":1787565498644,"endEpochMs":1787565498658,"latencyMs":14}
CALIPER_TX_LATENCY {"workerIndex":0,"roundIndex":1,"roundLabel":"clients-1-read","transactionId":"dd2591134855cf78caaf3fa8784cde9b63f0189a152a63daa1185ce7ec3ff2cd","status":"success","startEpochMs":1787565499644,"endEpochMs":1787565499657,"latencyMs":13}
CALIPER_TX_LATENCY {"workerIndex":0,"roundIndex":1,"roundLabel":"clients-1-read","transactionId":"6e1aacb3bb4b32383e84e663d2442376dae07b6c39652efa85a12aa9572fd464","status":"success","startEpochMs":1787565500644,"endEpochMs":1787565500656,"latencyMs":12}
CALIPER_TX_LATENCY {"workerIndex":0,"roundIndex":1,"roundLabel":"clients-1-read","transactionId":"6df89daf7f177935152f385ccd58e395a841a27404d64da3bf41562b6df4e8c6","status":"success","startEpochMs":1787565501644,"endEpochMs":1787565501660,"latencyMs":16}
2026.08.24-15:28:22.646[32m info [39m [caliper] [default-observer] 	[clients-1-read Round 1 Transaction Info] - Submitted: 25 Succ: 24 Fail:0 Unfinished:1
CALIPER_TX_LATENCY {"workerIndex":0,"roundIndex":1,"roundLabel":"clients-1-read","transactionId":"9ecdf881c0a2639970744e35339a404b89fe329717f0675406aba2e5ded448dc","status":"success","startEpochMs":1787565502644,"endEpochMs":1787565502657,"latencyMs":13}
CALIPER_TX_LATENCY {"workerIndex":0,"roundIndex":1,"roundLabel":"clients-1-read","transactionId":"47c9dc6400ec0ac05608fb161a3d6494fcd40fb818f649144a428f7eb8a970f5","status":"success","startEpochMs":1787565503645,"endEpochMs":1787565503658,"latencyMs":13}
CALIPER_TX_LATENCY {"workerIndex":0,"roundIndex":1,"roundLabel":"clients-1-read","transactionId":"78b309db0aacdc2786a66f71c2362ebdab85d35ab5e6d8df7272807b8ab9476e","status":"success","startEpochMs":1787565504643,"endEpochMs":1787565504656,"latencyMs":13}
CALIPER_TX_LATENCY {"workerIndex":0,"roundIndex":1,"roundLabel":"clients-1-read","transactionId":"4f798c4543df6ffdf7751d6236fc66c3ee79cecd48b661f65cb7c25a2d202339","status":"success","startEpochMs":1787565505644,"endEpochMs":1787565505655,"latencyMs":11}
CALIPER_TX_LATENCY {"workerIndex":0,"roundIndex":1,"roundLabel":"clients-1-read","transactionId":"b33fab28c73516e769d5b4a1061967a47d0b0715d50a1d8cd50db1b38a12e9c8","status":"success","startEpochMs":1787565506643,"endEpochMs":1787565506657,"latencyMs":14}
2026.08.24-15:28:27.647[32m info [39m [caliper] [default-observer] 	[clients-1-read Round 1 Transaction Info] - Submitted: 30 Succ: 29 Fail:0 Unfinished:1
CALIPER_TX_LATENCY {"workerIndex":0,"roundIndex":1,"roundLabel":"clients-1-read","transactionId":"237553adbf658d11ca4abdf064c42a03054d7d21cc98167ad29a0b0ccbefc245","status":"success","startEpochMs":1787565507644,"endEpochMs":1787565507657,"latencyMs":13}
CALIPER_TX_LATENCY {"workerIndex":0,"roundIndex":1,"roundLabel":"clients-1-read","transactionId":"a4760e39d4d1775301f3bc6ec5d5e12a6e092b694cdd5b2dc7ce52fa4062da82","status":"success","startEpochMs":1787565508643,"endEpochMs":1787565508654,"latencyMs":11}
CALIPER_TX_LATENCY {"workerIndex":0,"roundIndex":1,"roundLabel":"clients-1-read","transactionId":"4545ae878b3f3fa682c2841cbdc4cfddb92ea290b88703cab63d2446a0667d27","status":"success","startEpochMs":1787565509644,"endEpochMs":1787565509657,"latencyMs":13}
CALIPER_TX_LATENCY {"workerIndex":0,"roundIndex":1,"roundLabel":"clients-1-read","transactionId":"608dc0d1c4eb96063d71b430773ac4176c15f59dd9ff46075faccba35c04e49d","status":"success","startEpochMs":1787565510643,"endEpochMs":1787565510654,"latencyMs":11}
CALIPER_TX_LATENCY {"workerIndex":0,"roundIndex":1,"roundLabel":"clients-1-read","transactionId":"c5e44204c7f5d25ae11a468e24c6a76fa391cc6e1c17c4dd48783f03762bdef7","status":"success","startEpochMs":1787565511643,"endEpochMs":1787565511662,"latencyMs":19}
2026.08.24-15:28:32.648[32m info [39m [caliper] [default-observer] 	[clients-1-read Round 1 Transaction Info] - Submitted: 35 Succ: 34 Fail:0 Unfinished:1
CALIPER_TX_LATENCY {"workerIndex":0,"roundIndex":1,"roundLabel":"clients-1-read","transactionId":"ec3aa9c1d5a4cda9594f61117817fea2980606284ec179970e171e8acc0bbc03","status":"success","startEpochMs":1787565512644,"endEpochMs":1787565512657,"latencyMs":13}
CALIPER_TX_LATENCY {"workerIndex":0,"roundIndex":1,"roundLabel":"clients-1-read","transactionId":"9b1a6880811a1f335482864a93469d36159f8333a46f7671f9df9cd86d05f296","status":"success","startEpochMs":1787565513644,"endEpochMs":1787565513655,"latencyMs":11}
CALIPER_TX_LATENCY {"workerIndex":0,"roundIndex":1,"roundLabel":"clients-1-read","transactionId":"4e5e05c33692dc0a9d5dab78c50c67c8c28cc4d9ca2fe8ca51d52a828b80dc05","status":"success","startEpochMs":1787565514643,"endEpochMs":1787565514662,"latencyMs":19}
CALIPER_TX_LATENCY {"workerIndex":0,"roundIndex":1,"roundLabel":"clients-1-read","transactionId":"f605667a73f02591349fedba629eb7f71bd8dfda69c15e5fe0db21b16f340f9a","status":"success","startEpochMs":1787565515644,"endEpochMs":1787565515656,"latencyMs":12}
CALIPER_TX_LATENCY {"workerIndex":0,"roundIndex":1,"roundLabel":"clients-1-read","transactionId":"ab9aa6b7fd38a4c3293bdd27558e45499fdd747f3327e921b7ebe215fa6119c2","status":"success","startEpochMs":1787565516643,"endEpochMs":1787565516647,"latencyMs":4}
2026.08.24-15:28:37.649[32m info [39m [caliper] [default-observer] 	[clients-1-read Round 1 Transaction Info] - Submitted: 40 Succ: 40 Fail:0 Unfinished:0
CALIPER_TX_LATENCY {"workerIndex":0,"roundIndex":1,"roundLabel":"clients-1-read","transactionId":"ea84d77e3260be9c22c347698b5c160c25d7060552dfb1517592663d6376fbf1","status":"success","startEpochMs":1787565517644,"endEpochMs":1787565517651,"latencyMs":7}
CALIPER_TX_LATENCY {"workerIndex":0,"roundIndex":1,"roundLabel":"clients-1-read","transactionId":"9c700f63e9b6b1bc216c3f48e56e64ef71f3a60600f9f86144359bc44aa3c957","status":"success","startEpochMs":1787565518644,"endEpochMs":1787565518659,"latencyMs":15}
CALIPER_TX_LATENCY {"workerIndex":0,"roundIndex":1,"roundLabel":"clients-1-read","transactionId":"8cca55e5c2d05324d5663750a7f71bf6db6e59d4c25ba98614d61b599d0a684b","status":"success","startEpochMs":1787565519643,"endEpochMs":1787565519650,"latencyMs":7}
CALIPER_TX_LATENCY {"workerIndex":0,"roundIndex":1,"roundLabel":"clients-1-read","transactionId":"5ce9afefb59d71b6ebc9d7400879ca377cb7ce01e362dd1f2c19a1a38f597c0a","status":"success","startEpochMs":1787565520643,"endEpochMs":1787565520652,"latencyMs":9}
CALIPER_TX_LATENCY {"workerIndex":0,"roundIndex":1,"roundLabel":"clients-1-read","transactionId":"772c270288b3b30c72d96827f165dcec0018e8c416b6093c750784d261809d92","status":"success","startEpochMs":1787565521643,"endEpochMs":1787565521655,"latencyMs":12}
2026.08.24-15:28:42.650[32m info [39m [caliper] [default-observer] 	[clients-1-read Round 1 Transaction Info] - Submitted: 45 Succ: 45 Fail:0 Unfinished:0
CALIPER_TX_LATENCY {"workerIndex":0,"roundIndex":1,"roundLabel":"clients-1-read","transactionId":"f961a46a311fcb8eae7beefc11cbae9a438cbf663a85bcb6393749675975f7c1","status":"success","startEpochMs":1787565522643,"endEpochMs":1787565522661,"latencyMs":18}
2026.08.24-15:28:43.746[32m info [39m [caliper] [connectors/peer-gateway/PeerGateway] 	disconnecting gateway for user io.krishnan
2026.08.24-15:28:43.746[32m info [39m [caliper] [connectors/peer-gateway/PeerGateway] 	disconnecting gateway for user insp.rathore
2026.08.24-15:28:43.746[32m info [39m [caliper] [connectors/peer-gateway/PeerGateway] 	disconnecting gateway for user insp.singh
2026.08.24-15:28:43.746[32m info [39m [caliper] [connectors/peer-gateway/PeerGateway] 	disconnecting gateway for user const.verma
2026.08.24-15:28:43.746[32m info [39m [caliper] [connectors/peer-gateway/PeerGateway] 	disconnecting gateway for user insp.sharma
2026.08.24-15:28:43.746[32m info [39m [caliper] [connectors/peer-gateway/PeerGateway] 	disconnecting gateway for user _AuditMSP_aud.qureshi
2026.08.24-15:28:43.746[32m info [39m [caliper] [connectors/peer-gateway/PeerGateway] 	disconnecting gRpc client at peer PoliceMSP_localhost:7051
2026.08.24-15:28:43.747[32m info [39m [caliper] [connectors/peer-gateway/PeerGateway] 	disconnecting gRpc client at peer AuditMSP_localhost:11051
2026.08.24-15:28:43.747[32m info [39m [caliper] [worker-message-handler] 	Worker#0 finished Round#1
2026.08.24-15:28:48.750[32m info [39m [caliper] [default-observer] 	Resetting txCount indicator count
2026.08.24-15:28:48.751[32m info [39m [caliper] [report-builder] 	### Test result ###
2026.08.24-15:28:48.752[32m info [39m [caliper] [report-builder] 	
+----------------+------+------+-----------------+-----------------+-----------------+-----------------+------------------+
| Name           | Succ | Fail | Send Rate (TPS) | Max Latency (s) | Min Latency (s) | Avg Latency (s) | Throughput (TPS) |
|----------------|------|------|-----------------|-----------------|-----------------|-----------------|------------------|
| clients-1-read | 46   | 0    | 1.0             | 0.02            | 0.00            | 0.01            | 1.0              |
+----------------+------+------+-----------------+-----------------+-----------------+-----------------+------------------+

2026.08.24-15:28:48.787[32m info [39m [caliper] [report-builder] 	### prometheus resource stats ###'
2026.08.24-15:28:48.788[32m info [39m [caliper] [report-builder] 	
+--------------------------------------------------+-------------------------------------------------------------------------------------------------------------------------------------------------------------------------------------------------------------------------------------------------------------------------------------------------+------------------------------------+---------+
| Metric                                           | Prometheus Query                                                                                                                                                                                                                                                                                | Name                               | Value   |
|--------------------------------------------------|-------------------------------------------------------------------------------------------------------------------------------------------------------------------------------------------------------------------------------------------------------------------------------------------------|------------------------------------|---------|
| Process resident memory (MiB, max)               | process_resident_memory_bytes{job=~"fabric-.*"}                                                                                                                                                                                                                                                 | orderer.example.com:9443           | 66.2    |
|--------------------------------------------------|-------------------------------------------------------------------------------------------------------------------------------------------------------------------------------------------------------------------------------------------------------------------------------------------------|------------------------------------|---------|
|                                                  |                                                                                                                                                                                                                                                                                                 | peer0.audit.example.com:9448       | 132     |
|--------------------------------------------------|-------------------------------------------------------------------------------------------------------------------------------------------------------------------------------------------------------------------------------------------------------------------------------------------------|------------------------------------|---------|
|                                                  |                                                                                                                                                                                                                                                                                                 | peer0.court.example.com:9447       | 133     |
|--------------------------------------------------|-------------------------------------------------------------------------------------------------------------------------------------------------------------------------------------------------------------------------------------------------------------------------------------------------|------------------------------------|---------|
|                                                  |                                                                                                                                                                                                                                                                                                 | peer0.forensics.example.com:9445   | 132     |
|--------------------------------------------------|-------------------------------------------------------------------------------------------------------------------------------------------------------------------------------------------------------------------------------------------------------------------------------------------------|------------------------------------|---------|
|                                                  |                                                                                                                                                                                                                                                                                                 | peer0.police.example.com:9444      | 138     |
|--------------------------------------------------|-------------------------------------------------------------------------------------------------------------------------------------------------------------------------------------------------------------------------------------------------------------------------------------------------|------------------------------------|---------|
|                                                  |                                                                                                                                                                                                                                                                                                 | peer0.prosecution.example.com:9446 | 130     |
|--------------------------------------------------|-------------------------------------------------------------------------------------------------------------------------------------------------------------------------------------------------------------------------------------------------------------------------------------------------|------------------------------------|---------|
| Process CPU rate (percent, max)                  | rate(process_cpu_seconds_total{job=~"fabric-.*"}[1m])                                                                                                                                                                                                                                           | orderer.example.com:9443           | 0.218   |
|--------------------------------------------------|-------------------------------------------------------------------------------------------------------------------------------------------------------------------------------------------------------------------------------------------------------------------------------------------------|------------------------------------|---------|
|                                                  |                                                                                                                                                                                                                                                                                                 | peer0.audit.example.com:9448       | 2.64    |
|--------------------------------------------------|-------------------------------------------------------------------------------------------------------------------------------------------------------------------------------------------------------------------------------------------------------------------------------------------------|------------------------------------|---------|
|                                                  |                                                                                                                                                                                                                                                                                                 | peer0.court.example.com:9447       | 2.67    |
|--------------------------------------------------|-------------------------------------------------------------------------------------------------------------------------------------------------------------------------------------------------------------------------------------------------------------------------------------------------|------------------------------------|---------|
|                                                  |                                                                                                                                                                                                                                                                                                 | peer0.forensics.example.com:9445   | 2.55    |
|--------------------------------------------------|-------------------------------------------------------------------------------------------------------------------------------------------------------------------------------------------------------------------------------------------------------------------------------------------------|------------------------------------|---------|
|                                                  |                                                                                                                                                                                                                                                                                                 | peer0.police.example.com:9444      | 2.96    |
|--------------------------------------------------|-------------------------------------------------------------------------------------------------------------------------------------------------------------------------------------------------------------------------------------------------------------------------------------------------|------------------------------------|---------|
|                                                  |                                                                                                                                                                                                                                                                                                 | peer0.prosecution.example.com:9446 | 2.58    |
|--------------------------------------------------|-------------------------------------------------------------------------------------------------------------------------------------------------------------------------------------------------------------------------------------------------------------------------------------------------|------------------------------------|---------|
| Crimerecords endorsement duration (seconds, avg) | sum by (instance) (rate(endorser_proposal_duration_sum{job=~"fabric-.*",channel="crimechannel",chaincode="crimerecords",success="true"}[1m])) / sum by (instance) (rate(endorser_proposal_duration_count{job=~"fabric-.*",channel="crimechannel",chaincode="crimerecords",success="true"}[1m])) | peer0.audit.example.com:9448       | NaN     |
|--------------------------------------------------|-------------------------------------------------------------------------------------------------------------------------------------------------------------------------------------------------------------------------------------------------------------------------------------------------|------------------------------------|---------|
|                                                  |                                                                                                                                                                                                                                                                                                 | peer0.court.example.com:9447       | NaN     |
|--------------------------------------------------|-------------------------------------------------------------------------------------------------------------------------------------------------------------------------------------------------------------------------------------------------------------------------------------------------|------------------------------------|---------|
|                                                  |                                                                                                                                                                                                                                                                                                 | peer0.forensics.example.com:9445   | NaN     |
|--------------------------------------------------|-------------------------------------------------------------------------------------------------------------------------------------------------------------------------------------------------------------------------------------------------------------------------------------------------|------------------------------------|---------|
|                                                  |                                                                                                                                                                                                                                                                                                 | peer0.police.example.com:9444      | 0.00567 |
|--------------------------------------------------|-------------------------------------------------------------------------------------------------------------------------------------------------------------------------------------------------------------------------------------------------------------------------------------------------|------------------------------------|---------|
|                                                  |                                                                                                                                                                                                                                                                                                 | peer0.prosecution.example.com:9446 | NaN     |
|--------------------------------------------------|-------------------------------------------------------------------------------------------------------------------------------------------------------------------------------------------------------------------------------------------------------------------------------------------------|------------------------------------|---------|
| Ledger height (blocks, max)                      | ledger_blockchain_height{job=~"fabric-.*",channel="crimechannel"}                                                                                                                                                                                                                               | orderer.example.com:9443           | 390     |
|--------------------------------------------------|-------------------------------------------------------------------------------------------------------------------------------------------------------------------------------------------------------------------------------------------------------------------------------------------------|------------------------------------|---------|
|                                                  |                                                                                                                                                                                                                                                                                                 | peer0.audit.example.com:9448       | 390     |
|--------------------------------------------------|-------------------------------------------------------------------------------------------------------------------------------------------------------------------------------------------------------------------------------------------------------------------------------------------------|------------------------------------|---------|
|                                                  |                                                                                                                                                                                                                                                                                                 | peer0.court.example.com:9447       | 390     |
|--------------------------------------------------|-------------------------------------------------------------------------------------------------------------------------------------------------------------------------------------------------------------------------------------------------------------------------------------------------|------------------------------------|---------|
|                                                  |                                                                                                                                                                                                                                                                                                 | peer0.forensics.example.com:9445   | 390     |
|--------------------------------------------------|-------------------------------------------------------------------------------------------------------------------------------------------------------------------------------------------------------------------------------------------------------------------------------------------------|------------------------------------|---------|
|                                                  |                                                                                                                                                                                                                                                                                                 | peer0.police.example.com:9444      | 390     |
|--------------------------------------------------|-------------------------------------------------------------------------------------------------------------------------------------------------------------------------------------------------------------------------------------------------------------------------------------------------|------------------------------------|---------|
|                                                  |                                                                                                                                                                                                                                                                                                 | peer0.prosecution.example.com:9446 | 390     |
+--------------------------------------------------+-------------------------------------------------------------------------------------------------------------------------------------------------------------------------------------------------------------------------------------------------------------------------------------------------+------------------------------------+---------+

2026.08.24-15:28:48.789[32m info [39m [caliper] [round-orchestrator] 	Finished round 2 (clients-1-read) in 45.103 seconds
2026.08.24-15:28:48.789[32m info [39m [caliper] [monitor.js] 	Stopping all monitors
2026.08.24-15:28:48.789[32m info [39m [caliper] [report-builder] 	### All test results ###
2026.08.24-15:28:48.790[32m info [39m [caliper] [report-builder] 	
+------------------+------+------+-----------------+-----------------+-----------------+-----------------+------------------+
| Name             | Succ | Fail | Send Rate (TPS) | Max Latency (s) | Min Latency (s) | Avg Latency (s) | Throughput (TPS) |
|------------------|------|------|-----------------|-----------------|-----------------|-----------------|------------------|
| clients-1-warmup | 11   | 0    | 1.1             | 0.05            | 0.01            | 0.02            | 1.1              |
|------------------|------|------|-----------------|-----------------|-----------------|-----------------|------------------|
| clients-1-read   | 46   | 0    | 1.0             | 0.02            | 0.00            | 0.01            | 1.0              |
+------------------+------+------+-----------------+-----------------+-----------------+-----------------+------------------+

2026.08.24-15:28:48.797[32m info [39m [caliper] [report-builder] 	Generated report with path /Users/venkatrayudu/Workspace/XAI workspace/crime-records-network/experiments/runs/2026-08-24T09-57-36-116Z_caliper_latency-clients-1/caliper-report.html
2026.08.24-15:28:48.798[32m info [39m [caliper] [monitor.js] 	Stopping all monitors
2026.08.24-15:28:48.798[32m info [39m [caliper] [worker-orchestrator] 	Sending exit message to connected workers
2026.08.24-15:28:48.798[32m info [39m [caliper] [round-orchestrator] 	Benchmark finished in 72.307 seconds. Total rounds: 2. Successful rounds: 2. Failed rounds: 0.
2026.08.24-15:28:48.798[32m info [39m [caliper] [caliper-engine] 	Skipping end command due to benchmark flow conditioning
2026.08.24-15:28:48.798[32m info [39m [caliper] [cli-launch-manager] 	Benchmark successfully finished!
2026.08.24-15:28:48.798[32m info [39m [caliper] [worker-message-handler] 	Worker#0 is exiting
