[config] JWT_SECRET not set — using a dev-only default. Do not deploy like this.
[0;34mon-chain  audit/sp.north  (sp)  [genesis bootstrap][0m
[0;34mon-chain  audit/sp.south  (sp)[0m
[0;34mon-chain  audit/cfo.north  (chief-forensic-officer)[0m
[0;34mon-chain  audit/dp.north  (director-of-prosecution)[0m
[0;34mon-chain  audit/dj.north  (district-judge)[0m
[0;34mon-chain  audit/ci.central  (circle-inspector)[0m
[0;34mon-chain  audit/ci.east  (circle-inspector)[0m
[0;34mon-chain  audit/ci.south  (circle-inspector)[0m
[0;34mon-chain  police/sho.reddy  (inspector)[0m
[0;34mon-chain  police/insp.sharma  (inspector)[0m
[0;34mon-chain  police/const.verma  (constable)[0m
[0;34mon-chain  police/io.krishnan  (investigating-officer)[0m
[0;34mon-chain  police/insp.rathore  (inspector)[0m
[0;34mon-chain  police/insp.singh  (inspector)[0m
[0;34mon-chain  forensics/dir.iyer  (lab-director)[0m
[0;34mon-chain  forensics/analyst.rao  (lab-analyst)[0m
[0;34mon-chain  prosecution/pp.mehta  (public-prosecutor)[0m
[0;34mon-chain  prosecution/dc.nair  (defense-counsel)[0m
[0;34mon-chain  court/judge.rana  (judge)[0m
[0;34mon-chain  court/clerk.das  (court-clerk)[0m

20 account(s) written to the ledger, 0 already present.
Open http://localhost:3001 and select any enrolled identity above.
