Provisioning run: 2026-08-28T04-07-11-290Z_ui_unique_user_provisioning
Target: 100 distinct synthetic PoliceMSP identities
[001/100] ready latuser.001
[002/100] ready latuser.002
[003/100] ready latuser.003
[004/100] ready latuser.004
[005/100] ready latuser.005
[006/100] ready latuser.006
[007/100] ready latuser.007
[008/100] ready latuser.008
[009/100] ready latuser.009
[010/100] ready latuser.010
[011/100] ready latuser.011
[012/100] ready latuser.012
[013/100] ready latuser.013
[014/100] ready latuser.014
[015/100] ready latuser.015
[016/100] ready latuser.016
[017/100] ready latuser.017
[018/100] ready latuser.018
[019/100] ready latuser.019
[020/100] ready latuser.020
[021/100] ready latuser.021
[022/100] ready latuser.022
[023/100] ready latuser.023
[024/100] ready latuser.024
[025/100] ready latuser.025
[026/100] ready latuser.026
[027/100] ready latuser.027
[028/100] ready latuser.028
[029/100] ready latuser.029
[030/100] ready latuser.030
[031/100] ready latuser.031
[032/100] ready latuser.032
[033/100] ready latuser.033
[034/100] ready latuser.034
[035/100] ready latuser.035
[036/100] ready latuser.036
[037/100] ready latuser.037
[038/100] ready latuser.038
[039/100] ready latuser.039
[040/100] ready latuser.040
[041/100] ready latuser.041
[042/100] ready latuser.042
[043/100] ready latuser.043
[044/100] ready latuser.044
[045/100] ready latuser.045
[046/100] ready latuser.046
[047/100] ready latuser.047
[048/100] ready latuser.048
[049/100] ready latuser.049
[050/100] ready latuser.050
[051/100] ready latuser.051
[052/100] ready latuser.052
[053/100] ready latuser.053
[054/100] ready latuser.054
[055/100] ready latuser.055
[056/100] ready latuser.056
[057/100] ready latuser.057
[058/100] ready latuser.058
[059/100] ready latuser.059
[060/100] ready latuser.060
[061/100] ready latuser.061
[062/100] ready latuser.062
[063/100] ready latuser.063
[064/100] ready latuser.064
[065/100] ready latuser.065
[066/100] ready latuser.066
[067/100] ready latuser.067
[068/100] ready latuser.068
[069/100] ready latuser.069
[070/100] ready latuser.070
[071/100] ready latuser.071
[072/100] ready latuser.072
[073/100] ready latuser.073
[074/100] ready latuser.074
[075/100] ready latuser.075
[076/100] ready latuser.076
[077/100] ready latuser.077
[078/100] ready latuser.078
[079/100] ready latuser.079
[080/100] ready latuser.080
[081/100] ready latuser.081
[082/100] ready latuser.082
[083/100] ready latuser.083
[084/100] ready latuser.084
[085/100] ready latuser.085
[086/100] ready latuser.086
[087/100] ready latuser.087
[088/100] ready latuser.088
[089/100] ready latuser.089
[090/100] ready latuser.090
[091/100] ready latuser.091
[092/100] ready latuser.092
[093/100] ready latuser.093
[094/100] ready latuser.094
[095/100] ready latuser.095
[096/100] ready latuser.096
[097/100] ready latuser.097
[098/100] ready latuser.098
[099/100] ready latuser.099
[100/100] ready latuser.100
[001/100] assigned latuser.001
[002/100] assigned latuser.002
[003/100] assigned latuser.003
[004/100] assigned latuser.004
[005/100] assigned latuser.005
[006/100] assigned latuser.006
[007/100] assigned latuser.007
[008/100] assigned latuser.008
[009/100] assigned latuser.009
[010/100] assigned latuser.010
[011/100] assigned latuser.011
[012/100] assigned latuser.012
[013/100] assigned latuser.013
[014/100] assigned latuser.014
[015/100] assigned latuser.015
[016/100] assigned latuser.016
[017/100] assigned latuser.017
[018/100] assigned latuser.018
[019/100] assigned latuser.019
[020/100] assigned latuser.020
[021/100] assigned latuser.021
[022/100] assigned latuser.022
[023/100] assigned latuser.023
[024/100] assigned latuser.024
[025/100] assigned latuser.025
[026/100] assigned latuser.026
[027/100] assigned latuser.027
[028/100] assigned latuser.028
[029/100] assigned latuser.029
[030/100] assigned latuser.030
[031/100] assigned latuser.031
[032/100] assigned latuser.032
[033/100] assigned latuser.033
[034/100] assigned latuser.034
[035/100] assigned latuser.035
[036/100] assigned latuser.036
[037/100] assigned latuser.037
[038/100] assigned latuser.038
[039/100] assigned latuser.039
[040/100] assigned latuser.040
[041/100] assigned latuser.041
[042/100] assigned latuser.042
[043/100] assigned latuser.043
[044/100] assigned latuser.044
[045/100] assigned latuser.045
[046/100] assigned latuser.046
[047/100] assigned latuser.047
[048/100] assigned latuser.048
[049/100] assigned latuser.049
[050/100] assigned latuser.050
[051/100] assigned latuser.051
[052/100] assigned latuser.052
[053/100] assigned latuser.053
[054/100] assigned latuser.054
[055/100] assigned latuser.055
[056/100] assigned latuser.056
[057/100] assigned latuser.057
[058/100] assigned latuser.058
[059/100] assigned latuser.059
[060/100] assigned latuser.060
[061/100] assigned latuser.061
[062/100] assigned latuser.062
[063/100] assigned latuser.063
[064/100] assigned latuser.064
[065/100] assigned latuser.065
[066/100] assigned latuser.066
[067/100] assigned latuser.067
[068/100] assigned latuser.068
[069/100] assigned latuser.069
[070/100] assigned latuser.070
[071/100] assigned latuser.071
[072/100] assigned latuser.072
[073/100] assigned latuser.073
[074/100] assigned latuser.074
[075/100] assigned latuser.075
[076/100] assigned latuser.076
[077/100] assigned latuser.077
[078/100] assigned latuser.078
[079/100] assigned latuser.079
[080/100] assigned latuser.080
[081/100] assigned latuser.081
[082/100] assigned latuser.082
[083/100] assigned latuser.083
[084/100] assigned latuser.084
[085/100] assigned latuser.085
[086/100] assigned latuser.086
[087/100] assigned latuser.087
[088/100] assigned latuser.088
[089/100] assigned latuser.089
[090/100] assigned latuser.090
[091/100] assigned latuser.091
[092/100] assigned latuser.092
[093/100] assigned latuser.093
[094/100] assigned latuser.094
[095/100] assigned latuser.095
[096/100] assigned latuser.096
[097/100] assigned latuser.097
[098/100] assigned latuser.098
[099/100] assigned latuser.099
[100/100] assigned latuser.100
Provisioning complete: 100/100 identities verified.
Artifacts: /Users/venkatrayudu/Workspace/XAI workspace/crime-records-network/experiments/runs/2026-08-28T04-07-11-290Z_ui_unique_user_provisioning
