2026.08.24-15:07:36.996[32m info [39m [caliper] [cli-launch-manager] 	Set workspace path: /Users/venkatrayudu/Workspace/XAI workspace/crime-records-network/benchmarks/caliper
2026.08.24-15:07:36.997[32m info [39m [caliper] [cli-launch-manager] 	Set benchmark configuration path: /Users/venkatrayudu/Workspace/XAI workspace/crime-records-network/experiments/runs/2026-08-24T09-37-36-885Z_caliper_latency-users-2/caliper-executed-benchmark.yaml
2026.08.24-15:07:36.997[32m info [39m [caliper] [cli-launch-manager] 	Set network configuration path: /Users/venkatrayudu/Workspace/XAI workspace/crime-records-network/benchmarks/caliper/generated/network-config.json
2026.08.24-15:07:36.997[32m info [39m [caliper] [cli-launch-manager] 	Set SUT type: fabric
2026.08.24-15:07:37.005[32m info [39m [caliper] [benchmark-validator] 	No observer specified, will default to `none`
2026.08.24-15:07:37.005[32m info [39m [caliper] [caliper-engine] 	Starting benchmark flow
2026.08.24-15:07:37.005[32m info [39m [caliper] [caliper-engine] 	Skipping start commands due to benchmark flow conditioning
2026.08.24-15:07:37.005[32m info [39m [caliper] [caliper-engine] 	Skipping initialization phase due to benchmark flow conditioning
2026.08.24-15:07:37.006[32m info [39m [caliper] [caliper-engine] 	Skipping install smart contract phase due to benchmark flow conditioning
2026.08.24-15:07:37.052[32m info [39m [caliper] [FabricConnectorFactory] 	Initializing peer gateway connector compatible with installed fabric-gateway SDK: 1.7.1
2026.08.24-15:07:37.060[32m info [39m [caliper] [IdentityManager] 	Adding io.krishnan (admin=false) as io.krishnan for organization PoliceMSP
2026.08.24-15:07:37.060[32m info [39m [caliper] [IdentityManager] 	Adding insp.rathore (admin=false) as insp.rathore for organization PoliceMSP
2026.08.24-15:07:37.060[32m info [39m [caliper] [IdentityManager] 	Adding insp.singh (admin=false) as insp.singh for organization PoliceMSP
2026.08.24-15:07:37.061[32m info [39m [caliper] [IdentityManager] 	Adding const.verma (admin=false) as const.verma for organization PoliceMSP
2026.08.24-15:07:37.061[32m info [39m [caliper] [IdentityManager] 	Adding insp.sharma (admin=false) as insp.sharma for organization PoliceMSP
2026.08.24-15:07:37.062[32m info [39m [caliper] [IdentityManager] 	Adding aud.qureshi (admin=false) as _AuditMSP_aud.qureshi for organization AuditMSP
2026.08.24-15:07:37.062[32m info [39m [caliper] [monitor.js] 	No resource monitors specified
2026.08.24-15:07:37.063[32m info [39m [caliper] [default-observer] 	Observer interval set to 5000 milliseconds
2026.08.24-15:07:37.064[32m info [39m [caliper] [round-orchestrator] 	Preparing worker connections
2026.08.24-15:07:37.064[32m info [39m [caliper] [worker-orchestrator] 	Launching worker 1 of 2
2026.08.24-15:07:37.065[32m info [39m [caliper] [worker-orchestrator] 	Launching worker 2 of 2
2026.08.24-15:07:37.066[32m info [39m [caliper] [worker-orchestrator] 	Messenger not configured, entering configure phase...
2026.08.24-15:07:37.066[32m info [39m [caliper] [worker-orchestrator] 	No existing workers detected, entering worker launch phase...
2026.08.24-15:07:37.066[32m info [39m [caliper] [worker-orchestrator] 	Waiting for 2 workers to be connected...
2026.08.24-15:07:37.181[32m info [39m [caliper] [cli-launch-worker] 	Set workspace path: /Users/venkatrayudu/Workspace/XAI workspace/crime-records-network/benchmarks/caliper
2026.08.24-15:07:37.181[32m info [39m [caliper] [cli-launch-worker] 	Set workspace path: /Users/venkatrayudu/Workspace/XAI workspace/crime-records-network/benchmarks/caliper
2026.08.24-15:07:37.181[32m info [39m [caliper] [cli-launch-worker] 	Set benchmark configuration path: /Users/venkatrayudu/Workspace/XAI workspace/crime-records-network/experiments/runs/2026-08-24T09-37-36-885Z_caliper_latency-users-2/caliper-executed-benchmark.yaml
2026.08.24-15:07:37.181[32m info [39m [caliper] [cli-launch-worker] 	Set network configuration path: /Users/venkatrayudu/Workspace/XAI workspace/crime-records-network/benchmarks/caliper/generated/network-config.json
2026.08.24-15:07:37.181[32m info [39m [caliper] [cli-launch-worker] 	Set benchmark configuration path: /Users/venkatrayudu/Workspace/XAI workspace/crime-records-network/experiments/runs/2026-08-24T09-37-36-885Z_caliper_latency-users-2/caliper-executed-benchmark.yaml
2026.08.24-15:07:37.181[32m info [39m [caliper] [cli-launch-worker] 	Set network configuration path: /Users/venkatrayudu/Workspace/XAI workspace/crime-records-network/benchmarks/caliper/generated/network-config.json
2026.08.24-15:07:37.181[32m info [39m [caliper] [cli-launch-worker] 	Set SUT type: fabric
2026.08.24-15:07:37.181[32m info [39m [caliper] [cli-launch-worker] 	Set SUT type: fabric
2026.08.24-15:07:37.196[32m info [39m [caliper] [worker-orchestrator] 	2 workers connected, progressing to worker assignment phase.
2026.08.24-15:07:37.196[32m info [39m [caliper] [worker-orchestrator] 	Workers currently unassigned, awaiting index assignment...
2026.08.24-15:07:37.196[32m info [39m [caliper] [worker-orchestrator] 	Waiting for 2 workers to be assigned...
2026.08.24-15:07:37.199[32m info [39m [caliper] [worker-orchestrator] 	2 workers assigned, progressing to worker initialization phase.
2026.08.24-15:07:37.199[32m info [39m [caliper] [worker-orchestrator] 	Waiting for 2 workers to be ready...
2026.08.24-15:07:37.200[32m info [39m [caliper] [worker-message-handler] 	Initializing Worker#1...
2026.08.24-15:07:37.200[32m info [39m [caliper] [worker-message-handler] 	Initializing Worker#0...
2026.08.24-15:07:37.250[32m info [39m [caliper] [FabricConnectorFactory] 	Initializing peer gateway connector compatible with installed fabric-gateway SDK: 1.7.1
2026.08.24-15:07:37.250[32m info [39m [caliper] [FabricConnectorFactory] 	Initializing peer gateway connector compatible with installed fabric-gateway SDK: 1.7.1
2026.08.24-15:07:37.252[32m info [39m [caliper] [IdentityManager] 	Adding io.krishnan (admin=false) as io.krishnan for organization PoliceMSP
2026.08.24-15:07:37.252[32m info [39m [caliper] [IdentityManager] 	Adding io.krishnan (admin=false) as io.krishnan for organization PoliceMSP
2026.08.24-15:07:37.252[32m info [39m [caliper] [IdentityManager] 	Adding insp.rathore (admin=false) as insp.rathore for organization PoliceMSP
2026.08.24-15:07:37.252[32m info [39m [caliper] [IdentityManager] 	Adding insp.rathore (admin=false) as insp.rathore for organization PoliceMSP
2026.08.24-15:07:37.252[32m info [39m [caliper] [IdentityManager] 	Adding insp.singh (admin=false) as insp.singh for organization PoliceMSP
2026.08.24-15:07:37.252[32m info [39m [caliper] [IdentityManager] 	Adding insp.singh (admin=false) as insp.singh for organization PoliceMSP
2026.08.24-15:07:37.253[32m info [39m [caliper] [IdentityManager] 	Adding const.verma (admin=false) as const.verma for organization PoliceMSP
2026.08.24-15:07:37.253[32m info [39m [caliper] [IdentityManager] 	Adding const.verma (admin=false) as const.verma for organization PoliceMSP
2026.08.24-15:07:37.254[32m info [39m [caliper] [IdentityManager] 	Adding insp.sharma (admin=false) as insp.sharma for organization PoliceMSP
2026.08.24-15:07:37.254[32m info [39m [caliper] [IdentityManager] 	Adding insp.sharma (admin=false) as insp.sharma for organization PoliceMSP
2026.08.24-15:07:37.254[32m info [39m [caliper] [IdentityManager] 	Adding aud.qureshi (admin=false) as _AuditMSP_aud.qureshi for organization AuditMSP
2026.08.24-15:07:37.254[32m info [39m [caliper] [IdentityManager] 	Adding aud.qureshi (admin=false) as _AuditMSP_aud.qureshi for organization AuditMSP
2026.08.24-15:07:37.256[32m info [39m [caliper] [worker-message-handler] 	Worker#1 initialized
2026.08.24-15:07:37.256[32m info [39m [caliper] [worker-message-handler] 	Worker#0 initialized
2026.08.24-15:07:37.256[32m info [39m [caliper] [worker-orchestrator] 	2 workers ready, progressing to test preparation phase.
2026.08.24-15:07:37.256[32m info [39m [caliper] [round-orchestrator] 	Started round 1 (search-users-2)
2026.08.24-15:07:37.256[32m info [39m [caliper] [worker-message-handler] 	Preparing Worker#0 for Round#0
2026.08.24-15:07:37.257[32m info [39m [caliper] [worker-message-handler] 	Preparing Worker#1 for Round#0
2026.08.24-15:07:37.267[32m info [39m [caliper] [connectors/peer-gateway/PeerGateway] 	Generating contract map for user io.krishnan
2026.08.24-15:07:37.267[32m info [39m [caliper] [connectors/peer-gateway/PeerGateway] 	Generating contract map for user io.krishnan
2026.08.24-15:07:37.267[32m info [39m [caliper] [connectors/peer-gateway/PeerGateway] 	Generating contract map for user insp.rathore
2026.08.24-15:07:37.267[32m info [39m [caliper] [connectors/peer-gateway/PeerGateway] 	Generating contract map for user insp.rathore
2026.08.24-15:07:37.267[32m info [39m [caliper] [connectors/peer-gateway/PeerGateway] 	Generating contract map for user insp.singh
2026.08.24-15:07:37.267[32m info [39m [caliper] [connectors/peer-gateway/PeerGateway] 	Generating contract map for user insp.singh
2026.08.24-15:07:37.267[32m info [39m [caliper] [connectors/peer-gateway/PeerGateway] 	Generating contract map for user const.verma
2026.08.24-15:07:37.267[32m info [39m [caliper] [connectors/peer-gateway/PeerGateway] 	Generating contract map for user const.verma
2026.08.24-15:07:37.267[32m info [39m [caliper] [connectors/peer-gateway/PeerGateway] 	Generating contract map for user insp.sharma
2026.08.24-15:07:37.267[32m info [39m [caliper] [connectors/peer-gateway/PeerGateway] 	Generating contract map for user insp.sharma
2026.08.24-15:07:37.270[32m info [39m [caliper] [connectors/peer-gateway/PeerGateway] 	Generating contract map for user _AuditMSP_aud.qureshi
2026.08.24-15:07:37.270[32m info [39m [caliper] [connectors/peer-gateway/PeerGateway] 	Generating contract map for user _AuditMSP_aud.qureshi
2026.08.24-15:07:37.270[32m info [39m [caliper] [caliper-worker] 	Info: worker 1 prepare test phase for round 0 is starting...
2026.08.24-15:07:37.270[32m info [39m [caliper] [caliper-worker] 	Info: worker 0 prepare test phase for round 0 is starting...
2026.08.24-15:07:37.271[32m info [39m [caliper] [connectors/peer-gateway/PeerGateway] 	disconnecting gateway for user io.krishnan
2026.08.24-15:07:37.271[32m info [39m [caliper] [connectors/peer-gateway/PeerGateway] 	disconnecting gateway for user io.krishnan
2026.08.24-15:07:37.271[32m info [39m [caliper] [connectors/peer-gateway/PeerGateway] 	disconnecting gateway for user insp.rathore
2026.08.24-15:07:37.271[32m info [39m [caliper] [connectors/peer-gateway/PeerGateway] 	disconnecting gateway for user insp.singh
2026.08.24-15:07:37.271[32m info [39m [caliper] [connectors/peer-gateway/PeerGateway] 	disconnecting gateway for user const.verma
2026.08.24-15:07:37.271[32m info [39m [caliper] [connectors/peer-gateway/PeerGateway] 	disconnecting gateway for user insp.sharma
2026.08.24-15:07:37.271[32m info [39m [caliper] [connectors/peer-gateway/PeerGateway] 	disconnecting gateway for user _AuditMSP_aud.qureshi
2026.08.24-15:07:37.271[32m info [39m [caliper] [connectors/peer-gateway/PeerGateway] 	disconnecting gRpc client at peer PoliceMSP_localhost:7051
2026.08.24-15:07:37.271[32m info [39m [caliper] [connectors/peer-gateway/PeerGateway] 	disconnecting gateway for user insp.rathore
2026.08.24-15:07:37.271[32m info [39m [caliper] [connectors/peer-gateway/PeerGateway] 	disconnecting gateway for user insp.singh
2026.08.24-15:07:37.271[32m info [39m [caliper] [connectors/peer-gateway/PeerGateway] 	disconnecting gateway for user const.verma
2026.08.24-15:07:37.271[32m info [39m [caliper] [connectors/peer-gateway/PeerGateway] 	disconnecting gateway for user insp.sharma
2026.08.24-15:07:37.271[32m info [39m [caliper] [connectors/peer-gateway/PeerGateway] 	disconnecting gateway for user _AuditMSP_aud.qureshi
2026.08.24-15:07:37.271[32m info [39m [caliper] [connectors/peer-gateway/PeerGateway] 	disconnecting gRpc client at peer PoliceMSP_localhost:7051
2026.08.24-15:07:37.272[32m info [39m [caliper] [connectors/peer-gateway/PeerGateway] 	disconnecting gRpc client at peer AuditMSP_localhost:11051
2026.08.24-15:07:37.272[32m info [39m [caliper] [caliper-worker] 	Info: worker 1 prepare test phase for round 0 is completed
2026.08.24-15:07:37.272[32m info [39m [caliper] [worker-message-handler] 	Worker#1 prepared for Round#0
2026.08.24-15:07:37.272[32m info [39m [caliper] [connectors/peer-gateway/PeerGateway] 	disconnecting gRpc client at peer AuditMSP_localhost:11051
2026.08.24-15:07:37.272[32m info [39m [caliper] [caliper-worker] 	Info: worker 0 prepare test phase for round 0 is completed
2026.08.24-15:07:37.272[32m info [39m [caliper] [worker-message-handler] 	Worker#0 prepared for Round#0
2026.08.24-15:07:37.272[32m info [39m [caliper] [worker-orchestrator] 	2 workers prepared, progressing to test phase.
2026.08.24-15:07:37.272[32m info [39m [caliper] [round-orchestrator] 	Monitors successfully started
2026.08.24-15:07:37.273[32m info [39m [caliper] [worker-message-handler] 	Worker#0 is starting Round#0
2026.08.24-15:07:37.273[32m info [39m [caliper] [worker-message-handler] 	Worker#1 is starting Round#0
2026.08.24-15:07:37.274[32m info [39m [caliper] [connectors/peer-gateway/PeerGateway] 	Generating contract map for user io.krishnan
2026.08.24-15:07:37.274[32m info [39m [caliper] [connectors/peer-gateway/PeerGateway] 	Generating contract map for user io.krishnan
2026.08.24-15:07:37.274[32m info [39m [caliper] [connectors/peer-gateway/PeerGateway] 	Generating contract map for user insp.rathore
2026.08.24-15:07:37.274[32m info [39m [caliper] [connectors/peer-gateway/PeerGateway] 	Generating contract map for user insp.rathore
2026.08.24-15:07:37.275[32m info [39m [caliper] [connectors/peer-gateway/PeerGateway] 	Generating contract map for user insp.singh
2026.08.24-15:07:37.275[32m info [39m [caliper] [connectors/peer-gateway/PeerGateway] 	Generating contract map for user insp.singh
2026.08.24-15:07:37.275[32m info [39m [caliper] [connectors/peer-gateway/PeerGateway] 	Generating contract map for user const.verma
2026.08.24-15:07:37.275[32m info [39m [caliper] [connectors/peer-gateway/PeerGateway] 	Generating contract map for user const.verma
2026.08.24-15:07:37.275[32m info [39m [caliper] [connectors/peer-gateway/PeerGateway] 	Generating contract map for user insp.sharma
2026.08.24-15:07:37.275[32m info [39m [caliper] [connectors/peer-gateway/PeerGateway] 	Generating contract map for user insp.sharma
2026.08.24-15:07:37.276[32m info [39m [caliper] [connectors/peer-gateway/PeerGateway] 	Generating contract map for user _AuditMSP_aud.qureshi
2026.08.24-15:07:37.276[32m info [39m [caliper] [connectors/peer-gateway/PeerGateway] 	Generating contract map for user _AuditMSP_aud.qureshi
2026.08.24-15:07:37.277[32m info [39m [caliper] [caliper-worker] 	Worker #0 starting workload loop
2026.08.24-15:07:37.277[32m info [39m [caliper] [caliper-worker] 	Worker #1 starting workload loop
CALIPER_TX_LATENCY {"workerIndex":0,"roundIndex":0,"roundLabel":"search-users-2","transactionId":"95c0188ccf91f67bc28e461b262bec5c9d7626e69cb46566940dcb032dd6f880","status":"success","startEpochMs":1787564257280,"endEpochMs":1787564257775,"latencyMs":495}
CALIPER_TX_LATENCY {"workerIndex":1,"roundIndex":0,"roundLabel":"search-users-2","transactionId":"cb3a60d26d269dd89f873e42eb71a0d715d6a5ad69397cc0b6cf5eb257e1cd9c","status":"success","startEpochMs":1787564257280,"endEpochMs":1787564257775,"latencyMs":495}
CALIPER_TX_LATENCY {"workerIndex":0,"roundIndex":0,"roundLabel":"search-users-2","transactionId":"7c8a689741d80cd1f60ac5354fb512ce6580b0a74821879b76e990d03d2e8cb9","status":"success","startEpochMs":1787564258283,"endEpochMs":1787564258759,"latencyMs":476}
CALIPER_TX_LATENCY {"workerIndex":1,"roundIndex":0,"roundLabel":"search-users-2","transactionId":"30a242f7ee295d27bc4ff73a51647d9f5313c278416d44802592a6761d2e36a6","status":"success","startEpochMs":1787564258283,"endEpochMs":1787564258759,"latencyMs":476}
CALIPER_TX_LATENCY {"workerIndex":0,"roundIndex":0,"roundLabel":"search-users-2","transactionId":"88b79beb52dd873d34ec36fb991a9e90fd7034e41aa832fd5627247938eaaffc","status":"success","startEpochMs":1787564259277,"endEpochMs":1787564259742,"latencyMs":465}
CALIPER_TX_LATENCY {"workerIndex":1,"roundIndex":0,"roundLabel":"search-users-2","transactionId":"f70aef6fe5634aad748e9249e6c45c9f158a372883d47a151d44c37b00336c3c","status":"success","startEpochMs":1787564259277,"endEpochMs":1787564259742,"latencyMs":465}
CALIPER_TX_LATENCY {"workerIndex":0,"roundIndex":0,"roundLabel":"search-users-2","transactionId":"3a232654607c3e54de6d74d4dc135143d9d56ff7aa9576f36b9228cf9b2038fa","status":"success","startEpochMs":1787564260279,"endEpochMs":1787564260738,"latencyMs":459}
CALIPER_TX_LATENCY {"workerIndex":1,"roundIndex":0,"roundLabel":"search-users-2","transactionId":"9f4760ecf10ae93a7390bb7e0d3f59f35c1e3a4427acbd66c2de1156d220d7a7","status":"success","startEpochMs":1787564260278,"endEpochMs":1787564260738,"latencyMs":460}
CALIPER_TX_LATENCY {"workerIndex":1,"roundIndex":0,"roundLabel":"search-users-2","transactionId":"4284154d3177a0295e55575f670556297c8b5f1d8f34353776fd2f6c822c259c","status":"success","startEpochMs":1787564261280,"endEpochMs":1787564261733,"latencyMs":453}
CALIPER_TX_LATENCY {"workerIndex":0,"roundIndex":0,"roundLabel":"search-users-2","transactionId":"61bd84d7433181dce60d4e180899dc48d63df608ace562a46474532d8b1f9ba4","status":"success","startEpochMs":1787564261280,"endEpochMs":1787564261733,"latencyMs":453}
2026.08.24-15:07:42.290[32m info [39m [caliper] [default-observer] 	[search-users-2 Round 0 Transaction Info] - Submitted: 10 Succ: 8 Fail:0 Unfinished:2
CALIPER_TX_LATENCY {"workerIndex":1,"roundIndex":0,"roundLabel":"search-users-2","transactionId":"afb718a94cb9684f62b0fcb9a22ff68b892c108f75c0f8a12ebf5775212d758a","status":"success","startEpochMs":1787564262279,"endEpochMs":1787564262740,"latencyMs":461}
CALIPER_TX_LATENCY {"workerIndex":0,"roundIndex":0,"roundLabel":"search-users-2","transactionId":"32fdeb1d86fe8b5f8a9183c6a316dd8627c4908fd919a492d0e9c4cf9367c33c","status":"success","startEpochMs":1787564262279,"endEpochMs":1787564262740,"latencyMs":461}
2026.08.24-15:07:43.788[32m info [39m [caliper] [connectors/peer-gateway/PeerGateway] 	disconnecting gateway for user io.krishnan
2026.08.24-15:07:43.788[32m info [39m [caliper] [connectors/peer-gateway/PeerGateway] 	disconnecting gateway for user io.krishnan
2026.08.24-15:07:43.788[32m info [39m [caliper] [connectors/peer-gateway/PeerGateway] 	disconnecting gateway for user insp.rathore
2026.08.24-15:07:43.788[32m info [39m [caliper] [connectors/peer-gateway/PeerGateway] 	disconnecting gateway for user insp.singh
2026.08.24-15:07:43.788[32m info [39m [caliper] [connectors/peer-gateway/PeerGateway] 	disconnecting gateway for user const.verma
2026.08.24-15:07:43.788[32m info [39m [caliper] [connectors/peer-gateway/PeerGateway] 	disconnecting gateway for user insp.sharma
2026.08.24-15:07:43.788[32m info [39m [caliper] [connectors/peer-gateway/PeerGateway] 	disconnecting gateway for user insp.rathore
2026.08.24-15:07:43.788[32m info [39m [caliper] [connectors/peer-gateway/PeerGateway] 	disconnecting gateway for user _AuditMSP_aud.qureshi
2026.08.24-15:07:43.788[32m info [39m [caliper] [connectors/peer-gateway/PeerGateway] 	disconnecting gRpc client at peer PoliceMSP_localhost:7051
2026.08.24-15:07:43.788[32m info [39m [caliper] [connectors/peer-gateway/PeerGateway] 	disconnecting gateway for user insp.singh
2026.08.24-15:07:43.790[32m info [39m [caliper] [connectors/peer-gateway/PeerGateway] 	disconnecting gateway for user const.verma
2026.08.24-15:07:43.791[32m info [39m [caliper] [connectors/peer-gateway/PeerGateway] 	disconnecting gRpc client at peer AuditMSP_localhost:11051
2026.08.24-15:07:43.791[32m info [39m [caliper] [worker-message-handler] 	Worker#0 finished Round#0
2026.08.24-15:07:43.792[32m info [39m [caliper] [connectors/peer-gateway/PeerGateway] 	disconnecting gateway for user insp.sharma
2026.08.24-15:07:43.792[32m info [39m [caliper] [connectors/peer-gateway/PeerGateway] 	disconnecting gateway for user _AuditMSP_aud.qureshi
2026.08.24-15:07:43.792[32m info [39m [caliper] [connectors/peer-gateway/PeerGateway] 	disconnecting gRpc client at peer PoliceMSP_localhost:7051
2026.08.24-15:07:43.793[32m info [39m [caliper] [connectors/peer-gateway/PeerGateway] 	disconnecting gRpc client at peer AuditMSP_localhost:11051
2026.08.24-15:07:43.793[32m info [39m [caliper] [worker-message-handler] 	Worker#1 finished Round#0
2026.08.24-15:07:48.795[32m info [39m [caliper] [default-observer] 	Resetting txCount indicator count
2026.08.24-15:07:48.796[32m info [39m [caliper] [report-builder] 	### Test result ###
2026.08.24-15:07:48.799[32m info [39m [caliper] [report-builder] 	
+----------------+------+------+-----------------+-----------------+-----------------+-----------------+------------------+
| Name           | Succ | Fail | Send Rate (TPS) | Max Latency (s) | Min Latency (s) | Avg Latency (s) | Throughput (TPS) |
|----------------|------|------|-----------------|-----------------|-----------------|-----------------|------------------|
| search-users-2 | 12   | 0    | 2.4             | 0.49            | 0.45            | 0.47            | 2.2              |
+----------------+------+------+-----------------+-----------------+-----------------+-----------------+------------------+

2026.08.24-15:07:48.800[32m info [39m [caliper] [round-orchestrator] 	Finished round 1 (search-users-2) in 5.51 seconds
2026.08.24-15:07:48.800[32m info [39m [caliper] [monitor.js] 	Stopping all monitors
2026.08.24-15:07:48.800[32m info [39m [caliper] [report-builder] 	### All test results ###
2026.08.24-15:07:48.800[32m info [39m [caliper] [report-builder] 	
+----------------+------+------+-----------------+-----------------+-----------------+-----------------+------------------+
| Name           | Succ | Fail | Send Rate (TPS) | Max Latency (s) | Min Latency (s) | Avg Latency (s) | Throughput (TPS) |
|----------------|------|------|-----------------|-----------------|-----------------|-----------------|------------------|
| search-users-2 | 12   | 0    | 2.4             | 0.49            | 0.45            | 0.47            | 2.2              |
+----------------+------+------+-----------------+-----------------+-----------------+-----------------+------------------+

2026.08.24-15:07:48.807[32m info [39m [caliper] [report-builder] 	Generated report with path /Users/venkatrayudu/Workspace/XAI workspace/crime-records-network/experiments/runs/2026-08-24T09-37-36-885Z_caliper_latency-users-2/caliper-report.html
2026.08.24-15:07:48.807[32m info [39m [caliper] [monitor.js] 	Stopping all monitors
2026.08.24-15:07:48.807[32m info [39m [caliper] [worker-orchestrator] 	Sending exit message to connected workers
2026.08.24-15:07:48.807[32m info [39m [caliper] [round-orchestrator] 	Benchmark finished in 11.551 seconds. Total rounds: 1. Successful rounds: 1. Failed rounds: 0.
2026.08.24-15:07:48.807[32m info [39m [caliper] [caliper-engine] 	Skipping end command due to benchmark flow conditioning
2026.08.24-15:07:48.807[32m info [39m [caliper] [cli-launch-manager] 	Benchmark successfully finished!
2026.08.24-15:07:48.808[32m info [39m [caliper] [worker-message-handler] 	Worker#1 is exiting
2026.08.24-15:07:48.808[32m info [39m [caliper] [worker-message-handler] 	Worker#0 is exiting
