TAP version 13
# node:internal/modules/esm/resolve:274
#     throw new ERR_MODULE_NOT_FOUND(
#           ^
# Error [ERR_MODULE_NOT_FOUND]: Cannot find module '/Users/venkatrayudu/Workspace/XAI workspace/DIAS/frontend/js/shared/counterfactuals.js' imported from /Users/venkatrayudu/Workspace/XAI workspace/DIAS/frontend/test/counterfactuals.test.mjs
#     at finalizeResolution (node:internal/modules/esm/resolve:274:11)
#     at moduleResolve (node:internal/modules/esm/resolve:859:10)
#     at defaultResolve (node:internal/modules/esm/resolve:983:11)
#     at \#cachedDefaultResolve (node:internal/modules/esm/loader:731:20)
#     at ModuleLoader.resolve (node:internal/modules/esm/loader:708:38)
#     at ModuleLoader.getModuleJobForImport (node:internal/modules/esm/loader:310:38)
#     at ModuleJob._link (node:internal/modules/esm/module_job:183:49) {
#   code: 'ERR_MODULE_NOT_FOUND',
#   url: 'file:///Users/venkatrayudu/Workspace/XAI%20workspace/DIAS/frontend/js/shared/counterfactuals.js'
# }
# Node.js v22.20.0
# Subtest: frontend/test/counterfactuals.test.mjs
not ok 1 - frontend/test/counterfactuals.test.mjs
  ---
  duration_ms: 28.004208
  type: 'test'
  location: '/Users/venkatrayudu/Workspace/XAI workspace/DIAS/frontend/test/counterfactuals.test.mjs:1:1'
  failureType: 'testCodeFailure'
  exitCode: 1
  signal: ~
  error: 'test failed'
  code: 'ERR_TEST_FAILURE'
  ...
1..1
# tests 1
# suites 0
# pass 0
# fail 1
# cancelled 0
# skipped 0
# todo 0
# duration_ms 32.40925
