
 Exception during run: Error: Cannot find module '../src/dias/counterfactuals'
Require stack:
- /Users/venkatrayudu/Workspace/XAI workspace/DIAS/backend/test/counterfactuals.unit.test.js
    at Function._resolveFilename (node:internal/modules/cjs/loader:1383:15)
    at defaultResolveImpl (node:internal/modules/cjs/loader:1025:19)
    at resolveForCJSWithHooks (node:internal/modules/cjs/loader:1030:22)
    at Function._load (node:internal/modules/cjs/loader:1192:37)
    at TracingChannel.traceSync (node:diagnostics_channel:322:14)
    at wrapModuleLoad (node:internal/modules/cjs/loader:237:24)
    at Module.require (node:internal/modules/cjs/loader:1463:12)
    at require (node:internal/modules/helpers:147:16)
    at Object.<anonymous> (/Users/venkatrayudu/Workspace/XAI workspace/DIAS/backend/test/counterfactuals.unit.test.js:18:5)
    at Module._compile (node:internal/modules/cjs/loader:1706:14)
    at Object..js (node:internal/modules/cjs/loader:1839:10)
    at Module.load (node:internal/modules/cjs/loader:1441:32)
    at Function._load (node:internal/modules/cjs/loader:1263:12)
    at TracingChannel.traceSync (node:diagnostics_channel:322:14)
    at wrapModuleLoad (node:internal/modules/cjs/loader:237:24)
    at cjsLoader (node:internal/modules/esm/translators:309:5)
    at ModuleWrap.<anonymous> (node:internal/modules/esm/translators:202:7)
    at ModuleJob.run (node:internal/modules/esm/module_job:345:25)
    at async onImport.tracePromise.__proto__ (node:internal/modules/esm/loader:665:26)
    at async formattedImport (/Users/venkatrayudu/Workspace/XAI workspace/DIAS/backend/node_modules/mocha/lib/nodejs/esm-utils.js:9:14)
    at async exports.requireOrImport (/Users/venkatrayudu/Workspace/XAI workspace/DIAS/backend/node_modules/mocha/lib/nodejs/esm-utils.js:42:28)
    at async exports.loadFilesAsync (/Users/venkatrayudu/Workspace/XAI workspace/DIAS/backend/node_modules/mocha/lib/nodejs/esm-utils.js:100:20)
    at async singleRun (/Users/venkatrayudu/Workspace/XAI workspace/DIAS/backend/node_modules/mocha/lib/cli/run-helpers.js:162:3)
    at async exports.handler (/Users/venkatrayudu/Workspace/XAI workspace/DIAS/backend/node_modules/mocha/lib/cli/run.js:375:5) {
  code: 'MODULE_NOT_FOUND',
  requireStack: [
    '/Users/venkatrayudu/Workspace/XAI workspace/DIAS/backend/test/counterfactuals.unit.test.js'
  ]
}

Exit code: 1
