[2026-10-09T10:08:17.597Z] start: node v22.22.0, Intel(R) Xeon(R) Processor @ 2.10GHz, v3 b27f4560e760e9ca144ee8e93ff9cba0b7e1da4e, clean=false
[2026-10-09T10:08:17.766Z] latency h_J: hashText(justification): p50 4.48 us, p95 10.337 us
[2026-10-09T10:08:17.793Z] latency h_N: hashText(note): p50 2.818 us, p95 5.839 us
[2026-10-09T10:08:17.893Z] latency canonicalJson(verified context): p50 14.035 us, p95 23.893 us
[2026-10-09T10:08:18.074Z] latency h_C: verifiedRequestHash(context): p50 26.407 us, p95 55.304 us
[2026-10-09T10:08:18.203Z] latency h_M: recommendationHashOf(M): p50 15.637 us, p95 34.499 us
[2026-10-09T10:08:18.314Z] latency generic hashCanonical(M): p50 14.932 us, p95 29.546 us
[2026-10-09T10:08:18.346Z] latency naive SHA-256(JSON.stringify(M)) [ablation]: p50 4.553 us, p95 5.941 us
[2026-10-09T10:08:18.718Z] latency Ed25519 sign κ provenance: p50 64.681 us, p95 95.296 us
[2026-10-09T10:08:19.622Z] latency Ed25519 verify κ provenance: p50 146.82 us, p95 235.984 us
[2026-10-09T10:08:19.756Z] latency check M against κ (backend): p50 16.453 us, p95 33.149 us
[2026-10-09T10:08:19.902Z] latency AES-256-GCM seal review entry: p50 17.688 us, p95 49.758 us
[2026-10-09T10:08:20.016Z] latency AES-256-GCM open review entry: p50 14.36 us, p95 37.881 us
[2026-10-09T10:08:20.707Z] workflow v2 W1: 2 tx, write set 14572-14572 B, exec p50 0.548 ms
[2026-10-09T10:08:20.708Z] workflow v3 W1: 3 tx, write set 22742-22742 B, exec p50 1.091 ms
[2026-10-09T10:08:21.215Z] workflow v2 W2: 2 tx, write set 10061-10061 B, exec p50 0.393 ms
[2026-10-09T10:08:21.216Z] workflow v3 W2: 3 tx, write set 17359-17359 B, exec p50 0.91 ms
[2026-10-09T10:08:21.694Z] workflow v2 W3: 2 tx, write set 10075-10075 B, exec p50 0.377 ms
[2026-10-09T10:08:21.694Z] workflow v3 W3: 3 tx, write set 17376-17376 B, exec p50 0.854 ms
[2026-10-09T10:08:22.383Z] workflow v2 W4: 1 tx, write set 6870-6870 B, exec p50 0.226 ms
[2026-10-09T10:08:22.384Z] workflow v3 W4: 1 tx, write set 7875-7875 B, exec p50 0.286 ms
[2026-10-09T10:08:24.996Z] end-to-end v3 (backend runtime, stand-in model): generate+sign+commit p50 4.751 ms; off-chain 9143 B encrypted vs 7986 B plaintext
[2026-10-09T10:08:26.049Z] tamper: 44 mutation classes x 200 cases; clean-copy false alarms 0; contract rejected 60/60 forged κ
[2026-10-09T10:08:26.135Z] policy: v3 reuse after change 0/12; v2 reuse continues 12/12
[2026-10-09T10:08:26.136Z] done
