[v7/llmac] 125 to run (55 already done), concurrency 8
  20/125  3.01s/case  eta 5.3 min
  40/125  3.22s/case  eta 4.6 min
  60/125  3.65s/case  eta 4.0 min
  80/125  3.30s/case  eta 2.5 min
  100/125  3.37s/case  eta 1.4 min
  120/125  3.21s/case  eta 0.3 min
[v7/llmac] done 125 in 6.5 min
[v7/orgaccess] 100 to run (0 already done), concurrency 8
  20/100  3.10s/case  eta 4.1 min
  40/100  2.77s/case  eta 2.8 min
  60/100  2.63s/case  eta 1.8 min
  80/100  2.56s/case  eta 0.9 min
  100/100  2.40s/case  eta 0.0 min
[v7/orgaccess] done 100 in 4.0 min
[v7/orgaccess] 40 to run (0 already done), concurrency 8
  20/40  3.19s/case  eta 1.1 min
  40/40  2.28s/case  eta 0.0 min
[v7/orgaccess] done 40 in 1.5 min
=== v7 PHASE DONE 2026-09-24T06:41:37Z ===
[base/llmac] 154 to run (26 already done), concurrency 8
  20/154  2.84s/case  eta 6.3 min
  40/154  2.90s/case  eta 5.5 min
  60/154  2.93s/case  eta 4.6 min
  80/154  3.17s/case  eta 3.9 min
  100/154  3.04s/case  eta 2.7 min
  120/154  3.01s/case  eta 1.7 min
  140/154  3.08s/case  eta 0.7 min
[base/llmac] done 154 in 7.5 min
[base/orgaccess] 100 to run (0 already done), concurrency 8
  20/100  2.93s/case  eta 3.9 min
  40/100  2.65s/case  eta 2.6 min
  60/100  2.55s/case  eta 1.7 min
  80/100  2.48s/case  eta 0.8 min
  100/100  2.36s/case  eta 0.0 min
[base/orgaccess] done 100 in 3.9 min
[base/orgaccess] 40 to run (0 already done), concurrency 8
  20/40  3.20s/case  eta 1.1 min
  40/40  2.32s/case  eta 0.0 min
[base/orgaccess] done 40 in 1.5 min
=== base PHASE DONE 2026-09-24T06:54:35Z ===
=== ALL DONE 2026-09-24T06:54:35Z ===
