Run: 2026-08-28T04-18-28-093Z_ui_unique_user_release_layout_ablation
Authenticating 100 distinct users (excluded) ...
Creating 100 per-user synthetic records (excluded) ...
Creating one identity-bound allow decision per record (excluded) ...
Warm-up: five per-user authorized opens (excluded) ...
release R1 users= 10: p50=   34.6 ms, p95=  38.45 ms
release R1 users= 25: p50=  89.27 ms, p95=  96.52 ms
release R1 users= 50: p50=  111.1 ms, p95= 126.19 ms
release R1 users= 75: p50= 141.23 ms, p95= 157.63 ms
release R1 users=100: p50= 162.43 ms, p95= 181.87 ms
release R2 users= 10: p50=  57.85 ms, p95=  60.36 ms
release R2 users= 25: p50=  76.36 ms, p95=   82.2 ms
release R2 users= 50: p50= 120.12 ms, p95= 129.73 ms
release R2 users= 75: p50= 145.94 ms, p95= 160.82 ms
release R2 users=100: p50= 154.67 ms, p95= 180.73 ms
release R3 users= 10: p50=  54.92 ms, p95=  58.76 ms
release R3 users= 25: p50=  41.99 ms, p95=  48.36 ms
release R3 users= 50: p50=  80.93 ms, p95=   90.4 ms
release R3 users= 75: p50= 123.24 ms, p95=  139.5 ms
release R3 users=100: p50= 153.85 ms, p95= 181.95 ms
Completed: 780/780 requests succeeded.
Artifacts: /Users/venkatrayudu/Workspace/XAI workspace/crime-records-network/experiments/runs/2026-08-28T04-18-28-093Z_ui_unique_user_release_layout_ablation
